Archive member included to satisfy reference by file (symbol)

C:/ST/STM32CubeIDE_1.13.2/STM32CubeIDE/plugins/com.st.stm32cube.ide.mcu.externaltools.gnu-tools-for-stm32.11.3.rel1.win32_1.1.1.202309131626/tools/bin/../lib/gcc/arm-none-eabi/11.3.1/../../../../arm-none-eabi/lib/thumb/v7e-m+fp/hard\libc_nano.a(libc_a-exit.o)
                              C:/ST/STM32CubeIDE_1.13.2/STM32CubeIDE/plugins/com.st.stm32cube.ide.mcu.externaltools.gnu-tools-for-stm32.11.3.rel1.win32_1.1.1.202309131626/tools/bin/../lib/gcc/arm-none-eabi/11.3.1/../../../../arm-none-eabi/lib/thumb/v7e-m+fp/hard/crt0.o (exit)
C:/ST/STM32CubeIDE_1.13.2/STM32CubeIDE/plugins/com.st.stm32cube.ide.mcu.externaltools.gnu-tools-for-stm32.11.3.rel1.win32_1.1.1.202309131626/tools/bin/../lib/gcc/arm-none-eabi/11.3.1/../../../../arm-none-eabi/lib/thumb/v7e-m+fp/hard\libc_nano.a(libc_a-nano-vfprintf_float.o)
                              (_printf_float)
C:/ST/STM32CubeIDE_1.13.2/STM32CubeIDE/plugins/com.st.stm32cube.ide.mcu.externaltools.gnu-tools-for-stm32.11.3.rel1.win32_1.1.1.202309131626/tools/bin/../lib/gcc/arm-none-eabi/11.3.1/../../../../arm-none-eabi/lib/thumb/v7e-m+fp/hard\libc_nano.a(libc_a-nano-vfprintf_i.o)
                              C:/ST/STM32CubeIDE_1.13.2/STM32CubeIDE/plugins/com.st.stm32cube.ide.mcu.externaltools.gnu-tools-for-stm32.11.3.rel1.win32_1.1.1.202309131626/tools/bin/../lib/gcc/arm-none-eabi/11.3.1/../../../../arm-none-eabi/lib/thumb/v7e-m+fp/hard\libc_nano.a(libc_a-nano-vfprintf_float.o) (_printf_common)
C:/ST/STM32CubeIDE_1.13.2/STM32CubeIDE/plugins/com.st.stm32cube.ide.mcu.externaltools.gnu-tools-for-stm32.11.3.rel1.win32_1.1.1.202309131626/tools/bin/../lib/gcc/arm-none-eabi/11.3.1/../../../../arm-none-eabi/lib/thumb/v7e-m+fp/hard\libc_nano.a(libc_a-findfp.o)
                              C:/ST/STM32CubeIDE_1.13.2/STM32CubeIDE/plugins/com.st.stm32cube.ide.mcu.externaltools.gnu-tools-for-stm32.11.3.rel1.win32_1.1.1.202309131626/tools/bin/../lib/gcc/arm-none-eabi/11.3.1/../../../../arm-none-eabi/lib/thumb/v7e-m+fp/hard\libc_nano.a(libc_a-exit.o) (__stdio_exit_handler)
C:/ST/STM32CubeIDE_1.13.2/STM32CubeIDE/plugins/com.st.stm32cube.ide.mcu.externaltools.gnu-tools-for-stm32.11.3.rel1.win32_1.1.1.202309131626/tools/bin/../lib/gcc/arm-none-eabi/11.3.1/../../../../arm-none-eabi/lib/thumb/v7e-m+fp/hard\libc_nano.a(libc_a-fwalk.o)
                              C:/ST/STM32CubeIDE_1.13.2/STM32CubeIDE/plugins/com.st.stm32cube.ide.mcu.externaltools.gnu-tools-for-stm32.11.3.rel1.win32_1.1.1.202309131626/tools/bin/../lib/gcc/arm-none-eabi/11.3.1/../../../../arm-none-eabi/lib/thumb/v7e-m+fp/hard\libc_nano.a(libc_a-findfp.o) (_fwalk_sglue)
C:/ST/STM32CubeIDE_1.13.2/STM32CubeIDE/plugins/com.st.stm32cube.ide.mcu.externaltools.gnu-tools-for-stm32.11.3.rel1.win32_1.1.1.202309131626/tools/bin/../lib/gcc/arm-none-eabi/11.3.1/../../../../arm-none-eabi/lib/thumb/v7e-m+fp/hard\libc_nano.a(libc_a-puts.o)
                              ./Core/Src/save.o (puts)
C:/ST/STM32CubeIDE_1.13.2/STM32CubeIDE/plugins/com.st.stm32cube.ide.mcu.externaltools.gnu-tools-for-stm32.11.3.rel1.win32_1.1.1.202309131626/tools/bin/../lib/gcc/arm-none-eabi/11.3.1/../../../../arm-none-eabi/lib/thumb/v7e-m+fp/hard\libc_nano.a(libc_a-snprintf.o)
                              ./Core/Src/main.o (snprintf)
C:/ST/STM32CubeIDE_1.13.2/STM32CubeIDE/plugins/com.st.stm32cube.ide.mcu.externaltools.gnu-tools-for-stm32.11.3.rel1.win32_1.1.1.202309131626/tools/bin/../lib/gcc/arm-none-eabi/11.3.1/../../../../arm-none-eabi/lib/thumb/v7e-m+fp/hard\libc_nano.a(libc_a-sprintf.o)
                              ./Core/Src/adc.o (sprintf)
C:/ST/STM32CubeIDE_1.13.2/STM32CubeIDE/plugins/com.st.stm32cube.ide.mcu.externaltools.gnu-tools-for-stm32.11.3.rel1.win32_1.1.1.202309131626/tools/bin/../lib/gcc/arm-none-eabi/11.3.1/../../../../arm-none-eabi/lib/thumb/v7e-m+fp/hard\libc_nano.a(libc_a-stdio.o)
                              C:/ST/STM32CubeIDE_1.13.2/STM32CubeIDE/plugins/com.st.stm32cube.ide.mcu.externaltools.gnu-tools-for-stm32.11.3.rel1.win32_1.1.1.202309131626/tools/bin/../lib/gcc/arm-none-eabi/11.3.1/../../../../arm-none-eabi/lib/thumb/v7e-m+fp/hard\libc_nano.a(libc_a-findfp.o) (__sread)
C:/ST/STM32CubeIDE_1.13.2/STM32CubeIDE/plugins/com.st.stm32cube.ide.mcu.externaltools.gnu-tools-for-stm32.11.3.rel1.win32_1.1.1.202309131626/tools/bin/../lib/gcc/arm-none-eabi/11.3.1/../../../../arm-none-eabi/lib/thumb/v7e-m+fp/hard\libc_nano.a(libc_a-wbuf.o)
                              C:/ST/STM32CubeIDE_1.13.2/STM32CubeIDE/plugins/com.st.stm32cube.ide.mcu.externaltools.gnu-tools-for-stm32.11.3.rel1.win32_1.1.1.202309131626/tools/bin/../lib/gcc/arm-none-eabi/11.3.1/../../../../arm-none-eabi/lib/thumb/v7e-m+fp/hard\libc_nano.a(libc_a-puts.o) (__swbuf_r)
[...]
Memory Configuration

Name             Origin             Length             Attributes
RAM              0x0000000020000000 0x0000000000020000 xrw
FLASH            0x0000000008000000 0x0000000000080000 xr
*default*        0x0000000000000000 0xffffffffffffffff

Linker script and memory map

LOAD C:/ST/STM32CubeIDE_1.13.2/STM32CubeIDE/plugins/com.st.stm32cube.ide.mcu.externaltools.gnu-tools-for-stm32.11.3.rel1.win32_1.1.1.202309131626/tools/bin/../lib/gcc/arm-none-eabi/11.3.1/thumb/v7e-m+fp/hard/crti.o
LOAD C:/ST/STM32CubeIDE_1.13.2/STM32CubeIDE/plugins/com.st.stm32cube.ide.mcu.externaltools.gnu-tools-for-stm32.11.3.rel1.win32_1.1.1.202309131626/tools/bin/../lib/gcc/arm-none-eabi/11.3.1/thumb/v7e-m+fp/hard/crtbegin.o
LOAD C:/ST/STM32CubeIDE_1.13.2/STM32CubeIDE/plugins/com.st.stm32cube.ide.mcu.externaltools.gnu-tools-for-stm32.11.3.rel1.win32_1.1.1.202309131626/tools/bin/../lib/gcc/arm-none-eabi/11.3.1/../../../../arm-none-eabi/lib/thumb/v7e-m+fp/hard/crt0.o
LOAD ./Core/Src/adc.o
LOAD ./Core/Src/ds18b20.o
LOAD ./Core/Src/encoder.o
LOAD ./Core/Src/main.o
LOAD ./Core/Src/menu.o
LOAD ./Core/Src/oled.o
LOAD ./Core/Src/save.o
LOAD ./Core/Src/sd.o
LOAD ./Core/Src/stm32f4xx_hal_msp.o
LOAD ./Core/Src/stm32f4xx_it.o
LOAD ./Core/Src/syscalls.o
LOAD ./Core/Src/sysmem.o
LOAD ./Core/Src/system_stm32f4xx.o
LOAD ./Core/Src/user_diskio_spi.o
LOAD ./Core/Startup/startup_stm32f411ceux.o
LOAD ./Drivers/OLED/ssd1306.o
LOAD ./Drivers/OLED/ssd1306_fonts.o
LOAD ./Drivers/OLED/ssd1306_tests.o
LOAD ./Drivers/STM32F4xx_HAL_Driver/Src/stm32f4xx_hal.o
LOAD ./Drivers/STM32F4xx_HAL_Driver/Src/stm32f4xx_hal_adc.o
LOAD ./Drivers/STM32F4xx_HAL_Driver/Src/stm32f4xx_hal_adc_ex.o
LOAD ./Drivers/STM32F4xx_HAL_Driver/Src/stm32f4xx_hal_cortex.o
LOAD ./Drivers/STM32F4xx_HAL_Driver/Src/stm32f4xx_hal_dma.o
LOAD ./Drivers/STM32F4xx_HAL_Driver/Src/stm32f4xx_hal_dma_ex.o
LOAD ./Drivers/STM32F4xx_HAL_Driver/Src/stm32f4xx_hal_exti.o
LOAD ./Drivers/STM32F4xx_HAL_Driver/Src/stm32f4xx_hal_flash.o
LOAD ./Drivers/STM32F4xx_HAL_Driver/Src/stm32f4xx_hal_flash_ex.o
LOAD ./Drivers/STM32F4xx_HAL_Driver/Src/stm32f4xx_hal_flash_ramfunc.o
LOAD ./Drivers/STM32F4xx_HAL_Driver/Src/stm32f4xx_hal_gpio.o
LOAD ./Drivers/STM32F4xx_HAL_Driver/Src/stm32f4xx_hal_i2c.o
LOAD ./Drivers/STM32F4xx_HAL_Driver/Src/stm32f4xx_hal_i2c_ex.o
LOAD ./Drivers/STM32F4xx_HAL_Driver/Src/stm32f4xx_hal_pwr.o
LOAD ./Drivers/STM32F4xx_HAL_Driver/Src/stm32f4xx_hal_pwr_ex.o
LOAD ./Drivers/STM32F4xx_HAL_Driver/Src/stm32f4xx_hal_rcc.o
LOAD ./Drivers/STM32F4xx_HAL_Driver/Src/stm32f4xx_hal_rcc_ex.o
LOAD ./Drivers/STM32F4xx_HAL_Driver/Src/stm32f4xx_hal_rtc.o
LOAD ./Drivers/STM32F4xx_HAL_Driver/Src/stm32f4xx_hal_rtc_ex.o
LOAD ./Drivers/STM32F4xx_HAL_Driver/Src/stm32f4xx_hal_spi.o
LOAD ./Drivers/STM32F4xx_HAL_Driver/Src/stm32f4xx_hal_tim.o
LOAD ./Drivers/STM32F4xx_HAL_Driver/Src/stm32f4xx_hal_tim_ex.o
LOAD ./Drivers/STM32F4xx_HAL_Driver/Src/stm32f4xx_hal_uart.o
LOAD ./Drivers/STM32F4xx_HAL_Driver/Src/stm32f4xx_ll_adc.o
LOAD ./FATFS/App/fatfs.o
LOAD ./FATFS/Target/user_diskio.o
LOAD ./Middlewares/Third_Party/FatFs/src/diskio.o
LOAD ./Middlewares/Third_Party/FatFs/src/ff.o
LOAD ./Middlewares/Third_Party/FatFs/src/ff_gen_drv.o
LOAD ./Middlewares/Third_Party/FatFs/src/option/syscall.o
START GROUP
LOAD C:/ST/STM32CubeIDE_1.13.2/STM32CubeIDE/plugins/com.st.stm32cube.ide.mcu.externaltools.gnu-tools-for-stm32.11.3.rel1.win32_1.1.1.202309131626/tools/bin/../lib/gcc/arm-none-eabi/11.3.1/../../../../arm-none-eabi/lib/thumb/v7e-m+fp/hard\libc_nano.a
LOAD C:/ST/STM32CubeIDE_1.13.2/STM32CubeIDE/plugins/com.st.stm32cube.ide.mcu.externaltools.gnu-tools-for-stm32.11.3.rel1.win32_1.1.1.202309131626/tools/bin/../lib/gcc/arm-none-eabi/11.3.1/../../../../arm-none-eabi/lib/thumb/v7e-m+fp/hard\libm.a
END GROUP
START GROUP
LOAD C:/ST/STM32CubeIDE_1.13.2/STM32CubeIDE/plugins/com.st.stm32cube.ide.mcu.externaltools.gnu-tools-for-stm32.11.3.rel1.win32_1.1.1.202309131626/tools/bin/../lib/gcc/arm-none-eabi/11.3.1/thumb/v7e-m+fp/hard\libgcc.a
LOAD C:/ST/STM32CubeIDE_1.13.2/STM32CubeIDE/plugins/com.st.stm32cube.ide.mcu.externaltools.gnu-tools-for-stm32.11.3.rel1.win32_1.1.1.202309131626/tools/bin/../lib/gcc/arm-none-eabi/11.3.1/../../../../arm-none-eabi/lib/thumb/v7e-m+fp/hard\libc_nano.a
END GROUP
START GROUP
LOAD C:/ST/STM32CubeIDE_1.13.2/STM32CubeIDE/plugins/com.st.stm32cube.ide.mcu.externaltools.gnu-tools-for-stm32.11.3.rel1.win32_1.1.1.202309131626/tools/bin/../lib/gcc/arm-none-eabi/11.3.1/thumb/v7e-m+fp/hard\libgcc.a
LOAD C:/ST/STM32CubeIDE_1.13.2/STM32CubeIDE/plugins/com.st.stm32cube.ide.mcu.externaltools.gnu-tools-for-stm32.11.3.rel1.win32_1.1.1.202309131626/tools/bin/../lib/gcc/arm-none-eabi/11.3.1/../../../../arm-none-eabi/lib/thumb/v7e-m+fp/hard\libc_nano.a
LOAD C:/ST/STM32CubeIDE_1.13.2/STM32CubeIDE/plugins/com.st.stm32cube.ide.mcu.externaltools.gnu-tools-for-stm32.11.3.rel1.win32_1.1.1.202309131626/tools/bin/../lib/gcc/arm-none-eabi/11.3.1/../../../../arm-none-eabi/lib/thumb/v7e-m+fp/hard\libnosys.a
END GROUP
START GROUP
LOAD C:/ST/STM32CubeIDE_1.13.2/STM32CubeIDE/plugins/com.st.stm32cube.ide.mcu.externaltools.gnu-tools-for-stm32.11.3.rel1.win32_1.1.1.202309131626/tools/bin/../lib/gcc/arm-none-eabi/11.3.1/thumb/v7e-m+fp/hard\libgcc.a
LOAD C:/ST/STM32CubeIDE_1.13.2/STM32CubeIDE/plugins/com.st.stm32cube.ide.mcu.externaltools.gnu-tools-for-stm32.11.3.rel1.win32_1.1.1.202309131626/tools/bin/../lib/gcc/arm-none-eabi/11.3.1/../../../../arm-none-eabi/lib/thumb/v7e-m+fp/hard\libc_nano.a
LOAD C:/ST/STM32CubeIDE_1.13.2/STM32CubeIDE/plugins/com.st.stm32cube.ide.mcu.externaltools.gnu-tools-for-stm32.11.3.rel1.win32_1.1.1.202309131626/tools/bin/../lib/gcc/arm-none-eabi/11.3.1/../../../../arm-none-eabi/lib/thumb/v7e-m+fp/hard\libnosys.a
END GROUP
LOAD C:/ST/STM32CubeIDE_1.13.2/STM32CubeIDE/plugins/com.st.stm32cube.ide.mcu.externaltools.gnu-tools-for-stm32.11.3.rel1.win32_1.1.1.202309131626/tools/bin/../lib/gcc/arm-none-eabi/11.3.1/thumb/v7e-m+fp/hard/crtend.o
LOAD C:/ST/STM32CubeIDE_1.13.2/STM32CubeIDE/plugins/com.st.stm32cube.ide.mcu.externaltools.gnu-tools-for-stm32.11.3.rel1.win32_1.1.1.202309131626/tools/bin/../lib/gcc/arm-none-eabi/11.3.1/thumb/v7e-m+fp/hard/crtn.o
                0x0000000020020000                _estack = (ORIGIN (RAM) + LENGTH (RAM))
                0x0000000000000200                _Min_Heap_Size = 0x200
                0x0000000000000400                _Min_Stack_Size = 0x400

.isr_vector     0x0000000008000000      0x198
                0x0000000008000000                . = ALIGN (0x4)
 *(.isr_vector)
 .isr_vector    0x0000000008000000      0x198 ./Core/Startup/startup_stm32f411ceux.o
                0x0000000008000000                g_pfnVectors
                0x0000000008000198                . = ALIGN (0x4)

.text           0x00000000080001a0     0xdb24
                0x00000000080001a0                . = ALIGN (0x4)
 *(.text)
 .text          0x00000000080001a0       0x40 C:/ST/STM32CubeIDE_1.13.2/STM32CubeIDE/plugins/com.st.stm32cube.ide.mcu.externaltools.gnu-tools-for-stm32.11.3.rel1.win32_1.1.1.202309131626/tools/bin/../lib/gcc/arm-none-eabi/11.3.1/thumb/v7e-m+fp/hard/crtbegin.o
 .text          0x00000000080001e0       0x14 C:/ST/STM32CubeIDE_1.13.2/STM32CubeIDE/plugins/com.st.stm32cube.ide.mcu.externaltools.gnu-tools-for-stm32.11.3.rel1.win32_1.1.1.202309131626/tools/bin/../lib/gcc/arm-none-eabi/11.3.1/../../../../arm-none-eabi/lib/thumb/v7e-m+fp/hard\libc_nano.a(libc_a-strcmp.o)
                0x00000000080001e0                strcmp
 *fill*         0x00000000080001f4        0xc 
 .text          0x0000000008000200       0xa0 C:/ST/STM32CubeIDE_1.13.2/STM32CubeIDE/plugins/com.st.stm32cube.ide.mcu.externaltools.gnu-tools-for-stm32.11.3.rel1.win32_1.1.1.202309131626/tools/bin/../lib/gcc/arm-none-eabi/11.3.1/../../../../arm-none-eabi/lib/thumb/v7e-m+fp/hard\libc_nano.a(libc_a-memchr.o)
                0x0000000008000200                memchr
 .text          0x00000000080002a0       0x10 C:/ST/STM32CubeIDE_1.13.2/STM32CubeIDE/plugins/com.st.stm32cube.ide.mcu.externaltools.gnu-tools-for-stm32.11.3.rel1.win32_1.1.1.202309131626/tools/bin/../lib/gcc/arm-none-eabi/11.3.1/../../../../arm-none-eabi/lib/thumb/v7e-m+fp/hard\libc_nano.a(libc_a-strlen.o)
                0x00000000080002a0                strlen
 .text          0x00000000080002b0      0x378 C:/ST/STM32CubeIDE_1.13.2/STM32CubeIDE/plugins/com.st.stm32cube.ide.mcu.externaltools.gnu-tools-for-stm32.11.3.rel1.win32_1.1.1.202309131626/tools/bin/../lib/gcc/arm-none-eabi/11.3.1/thumb/v7e-m+fp/hard\libgcc.a(_arm_addsubdf3.o)
                0x00000000080002b0                __aeabi_drsub
                0x00000000080002b8                __aeabi_dsub
                0x00000000080002b8                __subdf3
                0x00000000080002bc                __aeabi_dadd
                0x00000000080002bc                __adddf3
                0x0000000008000534                __floatunsidf
                0x0000000008000534                __aeabi_ui2d
                0x0000000008000554                __floatsidf
                0x0000000008000554                __aeabi_i2d
                0x0000000008000578                __aeabi_f2d
                0x0000000008000578                __extendsfdf2
                0x00000000080005bc                __floatundidf
                0x00000000080005bc                __aeabi_ul2d
                0x00000000080005cc                __floatdidf
                0x00000000080005cc                __aeabi_l2d
 .text          0x0000000008000628      0x424 C:/ST/STM32CubeIDE_1.13.2/STM32CubeIDE/plugins/com.st.stm32cube.ide.mcu.externaltools.gnu-tools-for-stm32.11.3.rel1.win32_1.1.1.202309131626/tools/bin/../lib/gcc/arm-none-eabi/11.3.1/thumb/v7e-m+fp/hard\libgcc.a(_arm_muldivdf3.o)
                0x0000000008000628                __aeabi_dmul
                0x0000000008000628                __muldf3
                0x000000000800087c                __divdf3
                0x000000000800087c                __aeabi_ddiv
 .text          0x0000000008000a4c      0x110 C:/ST/STM32CubeIDE_1.13.2/STM32CubeIDE/plugins/com.st.stm32cube.ide.mcu.externaltools.gnu-tools-for-stm32.11.3.rel1.win32_1.1.1.202309131626/tools/bin/../lib/gcc/arm-none-eabi/11.3.1/thumb/v7e-m+fp/hard\libgcc.a(_arm_cmpdf2.o)
                0x0000000008000a4c                __gtdf2
                0x0000000008000a4c                __gedf2
                0x0000000008000a54                __ltdf2
                0x0000000008000a54                __ledf2
                0x0000000008000a5c                __nedf2
                0x0000000008000a5c                __eqdf2
                0x0000000008000a5c                __cmpdf2
                0x0000000008000ad8                __aeabi_cdrcmple
                0x0000000008000ae8                __aeabi_cdcmpeq
                0x0000000008000ae8                __aeabi_cdcmple
                0x0000000008000af8                __aeabi_dcmpeq
                0x0000000008000b0c                __aeabi_dcmplt
                0x0000000008000b20                __aeabi_dcmple
                0x0000000008000b34                __aeabi_dcmpge
                0x0000000008000b48                __aeabi_dcmpgt
 .text          0x0000000008000b5c       0x2c C:/ST/STM32CubeIDE_1.13.2/STM32CubeIDE/plugins/com.st.stm32cube.ide.mcu.externaltools.gnu-tools-for-stm32.11.3.rel1.win32_1.1.1.202309131626/tools/bin/../lib/gcc/arm-none-eabi/11.3.1/thumb/v7e-m+fp/hard\libgcc.a(_arm_unorddf2.o)
                0x0000000008000b5c                __unorddf2
                0x0000000008000b5c                __aeabi_dcmpun
 .text          0x0000000008000b88       0x50 C:/ST/STM32CubeIDE_1.13.2/STM32CubeIDE/plugins/com.st.stm32cube.ide.mcu.externaltools.gnu-tools-for-stm32.11.3.rel1.win32_1.1.1.202309131626/tools/bin/../lib/gcc/arm-none-eabi/11.3.1/thumb/v7e-m+fp/hard\libgcc.a(_arm_fixdfsi.o)
                0x0000000008000b88                __aeabi_d2iz
                0x0000000008000b88                __fixdfsi
 .text          0x0000000008000bd8       0x40 C:/ST/STM32CubeIDE_1.13.2/STM32CubeIDE/plugins/com.st.stm32cube.ide.mcu.externaltools.gnu-tools-for-stm32.11.3.rel1.win32_1.1.1.202309131626/tools/bin/../lib/gcc/arm-none-eabi/11.3.1/thumb/v7e-m+fp/hard\libgcc.a(_arm_fixunsdfsi.o)
                0x0000000008000bd8                __aeabi_d2uiz
                0x0000000008000bd8                __fixunsdfsi
 .text          0x0000000008000c18       0x30 C:/ST/STM32CubeIDE_1.13.2/STM32CubeIDE/plugins/com.st.stm32cube.ide.mcu.externaltools.gnu-tools-for-stm32.11.3.rel1.win32_1.1.1.202309131626/tools/bin/../lib/gcc/arm-none-eabi/11.3.1/thumb/v7e-m+fp/hard\libgcc.a(_aeabi_uldivmod.o)
                0x0000000008000c18                __aeabi_uldivmod
 .text          0x0000000008000c48      0x2c8 C:/ST/STM32CubeIDE_1.13.2/STM32CubeIDE/plugins/com.st.stm32cube.ide.mcu.externaltools.gnu-tools-for-stm32.11.3.rel1.win32_1.1.1.202309131626/tools/bin/../lib/gcc/arm-none-eabi/11.3.1/thumb/v7e-m+fp/hard\libgcc.a(_udivmoddi4.o)
                0x0000000008000c48                __udivmoddi4
 .text          0x0000000008000f10        0x4 C:/ST/STM32CubeIDE_1.13.2/STM32CubeIDE/plugins/com.st.stm32cube.ide.mcu.externaltools.gnu-tools-for-stm32.11.3.rel1.win32_1.1.1.202309131626/tools/bin/../lib/gcc/arm-none-eabi/11.3.1/thumb/v7e-m+fp/hard\libgcc.a(_dvmd_tls.o)
                0x0000000008000f10                __aeabi_idiv0
                0x0000000008000f10                __aeabi_ldiv0
 *(.text*)
 .text.adc_int_init
                0x0000000008000f14       0x20 ./Core/Src/adc.o
                0x0000000008000f14                adc_int_init
 .text.adc_ext_init
                0x0000000008000f34       0x20 ./Core/Src/adc.o
                0x0000000008000f34                adc_ext_init
 .text.adc_select_ch
                0x0000000008000f54       0x48 ./Core/Src/adc.o
                0x0000000008000f54                adc_select_ch
 .text.getValAdc
                0x0000000008000f9c       0xf4 ./Core/Src/adc.o
                0x0000000008000f9c                getValAdc
 .text.getValueAdcExtCh0
                0x0000000008001090       0xa0 ./Core/Src/adc.o
                0x0000000008001090                getValueAdcExtCh0
 .text.getValueAdcExtCh1
                0x0000000008001130       0xa0 ./Core/Src/adc.o
                0x0000000008001130                getValueAdcExtCh1
 .text.getValueAdcExtCh2
                0x00000000080011d0       0xa0 ./Core/Src/adc.o
                0x00000000080011d0                getValueAdcExtCh2
 .text.getValueAdcExtCh3
                0x0000000008001270       0xa0 ./Core/Src/adc.o
                0x0000000008001270                getValueAdcExtCh3
 .text.getValueAdcIntCh0
                0x0000000008001310       0x6c ./Core/Src/adc.o
                0x0000000008001310                getValueAdcIntCh0
 .text.getValueAdcIntCh1
                0x000000000800137c       0x6c ./Core/Src/adc.o
                0x000000000800137c                getValueAdcIntCh1
 .text.getValueAdcIntCh2
                0x00000000080013e8       0x6c ./Core/Src/adc.o
                0x00000000080013e8                getValueAdcIntCh2
 .text.getValueAdcIntCh3
                0x0000000008001454       0x6c ./Core/Src/adc.o
                0x0000000008001454                getValueAdcIntCh3
 .text.getValueDs1
                0x00000000080014c0       0x84 ./Core/Src/ds18b20.o
                0x00000000080014c0                getValueDs1
 .text.getValueDs2
                0x0000000008001544       0x84 ./Core/Src/ds18b20.o
                0x0000000008001544                getValueDs2
 .text.getValueDs3
                0x00000000080015c8       0x84 ./Core/Src/ds18b20.o
                0x00000000080015c8                getValueDs3
 .text.ds18_init
                0x000000000800164c       0x20 ./Core/Src/ds18b20.o
                0x000000000800164c                ds18_init
 .text.ds18_get_temp
                0x000000000800166c       0x84 ./Core/Src/ds18b20.o
                0x000000000800166c                ds18_get_temp
 .text.delay_us
                0x00000000080016f0       0x34 ./Core/Src/ds18b20.o
                0x00000000080016f0                delay_us
 .text.wire_reset
                0x0000000008001724       0x54 ./Core/Src/ds18b20.o
                0x0000000008001724                wire_reset
 .text.write_bit
                0x0000000008001778       0x5c ./Core/Src/ds18b20.o
                0x0000000008001778                write_bit
 .text.read_bit
                0x00000000080017d4       0x48 ./Core/Src/ds18b20.o
                0x00000000080017d4                read_bit
 .text.wire_write
                0x000000000800181c       0x38 ./Core/Src/ds18b20.o
                0x000000000800181c                wire_write
 .text.wire_read
                0x0000000008001854       0x3e ./Core/Src/ds18b20.o
                0x0000000008001854                wire_read
 *fill*         0x0000000008001892        0x2 
 .text.encSetRange
                0x0000000008001894       0x34 ./Core/Src/encoder.o
                0x0000000008001894                encSetRange
 .text.encSetPos
                0x00000000080018c8       0x24 ./Core/Src/encoder.o
                0x00000000080018c8                encSetPos
 .text.encoderGet
                0x00000000080018ec       0x1c ./Core/Src/encoder.o
                0x00000000080018ec                encoderGet
 .text.encoderInit
                0x0000000008001908       0x20 ./Core/Src/encoder.o
                0x0000000008001908                encoderInit
 .text.entrySelected
                0x0000000008001928       0x26 ./Core/Src/encoder.o
                0x0000000008001928                entrySelected
 .text.entryClicked
                0x000000000800194e       0x30 ./Core/Src/encoder.o
                0x000000000800194e                entryClicked
 *fill*         0x000000000800197e        0x2 
 .text.send_uart
                0x0000000008001980       0x30 ./Core/Src/main.o
                0x0000000008001980                send_uart
 .text.HAL_TIM_PeriodElapsedCallback
                0x00000000080019b0       0x44 ./Core/Src/main.o
                0x00000000080019b0                HAL_TIM_PeriodElapsedCallback
 .text.HAL_TIM_OC_DelayElapsedCallback
                0x00000000080019f4       0xbc ./Core/Src/main.o
                0x00000000080019f4                HAL_TIM_OC_DelayElapsedCallback
 .text.HAL_GPIO_EXTI_Callback
                0x0000000008001ab0       0x24 ./Core/Src/main.o
                0x0000000008001ab0                HAL_GPIO_EXTI_Callback
 .text.isClicked
                0x0000000008001ad4       0x28 ./Core/Src/main.o
                0x0000000008001ad4                isClicked
 .text.send_uart_uint32
                0x0000000008001afc       0x44 ./Core/Src/main.o
                0x0000000008001afc                send_uart_uint32
 .text.getRtcString
                0x0000000008001b40       0x88 ./Core/Src/main.o
                0x0000000008001b40                getRtcString
 .text.main     0x0000000008001bc8      0x2e4 ./Core/Src/main.o
                0x0000000008001bc8                main
 .text.SystemClock_Config
                0x0000000008001eac       0xd4 ./Core/Src/main.o
                0x0000000008001eac                SystemClock_Config
 .text.MX_ADC1_Init
                0x0000000008001f80       0xa4 ./Core/Src/main.o
 .text.MX_I2C1_Init
                0x0000000008002024       0x5c ./Core/Src/main.o
 .text.MX_I2C2_Init
                0x0000000008002080       0x5c ./Core/Src/main.o
 .text.MX_RTC_Init
                0x00000000080020dc       0xb4 ./Core/Src/main.o
 .text.MX_SPI1_Init
                0x0000000008002190       0x6c ./Core/Src/main.o
 .text.MX_TIM1_Init
                0x00000000080021fc       0xac ./Core/Src/main.o
 .text.MX_TIM2_Init
                0x00000000080022a8      0x140 ./Core/Src/main.o
 .text.MX_TIM10_Init
                0x00000000080023e8       0x48 ./Core/Src/main.o
 .text.MX_TIM11_Init
                0x0000000008002430       0x48 ./Core/Src/main.o
 .text.MX_USART6_UART_Init
                0x0000000008002478       0x54 ./Core/Src/main.o
 .text.MX_GPIO_Init
                0x00000000080024cc      0x120 ./Core/Src/main.o
 .text.Error_Handler
                0x00000000080025ec       0x14 ./Core/Src/main.o
                0x00000000080025ec                Error_Handler
 .text.huart_ds_init
                0x0000000008002600       0x20 ./Core/Src/menu.o
                0x0000000008002600                huart_ds_init
 .text.sendRtcHandler
                0x0000000008002620       0x20 ./Core/Src/menu.o
                0x0000000008002620                sendRtcHandler
 .text.backButton
                0x0000000008002640       0x68 ./Core/Src/menu.o
                0x0000000008002640                backButton
 .text.listAllItemsFromMenu
                0x00000000080026a8       0x90 ./Core/Src/menu.o
                0x00000000080026a8                listAllItemsFromMenu
 .text.drawMainMenu
                0x0000000008002738       0x68 ./Core/Src/menu.o
                0x0000000008002738                drawMainMenu
 .text.drawSensorConfig
                0x00000000080027a0       0x28 ./Core/Src/menu.o
                0x00000000080027a0                drawSensorConfig
 .text.drawSdConfig
                0x00000000080027c8      0x158 ./Core/Src/menu.o
                0x00000000080027c8                drawSdConfig
 .text.drawSensorConfigAdcExt
                0x0000000008002920       0x28 ./Core/Src/menu.o
                0x0000000008002920                drawSensorConfigAdcExt
 .text.drawSensorConfigAdcInt
                0x0000000008002948       0x28 ./Core/Src/menu.o
                0x0000000008002948                drawSensorConfigAdcInt
 .text.drawSensorConfigDS18
                0x0000000008002970       0x28 ./Core/Src/menu.o
                0x0000000008002970                drawSensorConfigDS18
 .text.drawSensorOptions
                0x0000000008002998      0x174 ./Core/Src/menu.o
                0x0000000008002998                drawSensorOptions
 .text.drawSensorConfigGeneric
                0x0000000008002b0c       0x40 ./Core/Src/menu.o
                0x0000000008002b0c                drawSensorConfigGeneric
 .text.ch1Enable
                0x0000000008002b4c       0xc0 ./Core/Src/menu.o
                0x0000000008002b4c                ch1Enable
 .text.ch2Enable
                0x0000000008002c0c       0xc0 ./Core/Src/menu.o
                0x0000000008002c0c                ch2Enable
 .text.ch3Enable
                0x0000000008002ccc       0xc0 ./Core/Src/menu.o
                0x0000000008002ccc                ch3Enable
 .text.ch4Enable
                0x0000000008002d8c       0xc0 ./Core/Src/menu.o
                0x0000000008002d8c                ch4Enable
 .text.debugAdcInt
                0x0000000008002e4c      0x134 ./Core/Src/menu.o
                0x0000000008002e4c                debugAdcInt
 .text.debugAdcExt
                0x0000000008002f80       0xf8 ./Core/Src/menu.o
                0x0000000008002f80                debugAdcExt
 .text.drawOnoffMeasure
                0x0000000008003078      0x190 ./Core/Src/menu.o
                0x0000000008003078                drawOnoffMeasure
 .text.displayMenu
                0x0000000008003208       0x50 ./Core/Src/menu.o
                0x0000000008003208                displayMenu
 .text.displayInit
                0x0000000008003258        0xc ./Core/Src/oled.o
                0x0000000008003258                displayInit
 .text.CircularBuffer_Init
                0x0000000008003264       0x30 ./Core/Src/save.o
                0x0000000008003264                CircularBuffer_Init
 .text.CircularBuffer_Add
                0x0000000008003294       0xa0 ./Core/Src/save.o
                0x0000000008003294                CircularBuffer_Add
 .text.CircularBuffer_Read
                0x0000000008003334       0x7c ./Core/Src/save.o
                0x0000000008003334                CircularBuffer_Read
 .text.sd_init  0x00000000080033b0       0x58 ./Core/Src/sd.o
                0x00000000080033b0                sd_init
 .text.sd_freespace
                0x0000000008003408       0x6c ./Core/Src/sd.o
                0x0000000008003408                sd_freespace
 .text.sd_totalspace
                0x0000000008003474       0x70 ./Core/Src/sd.o
                0x0000000008003474                sd_totalspace
 .text.getFresultString
                0x00000000080034e4      0x11c ./Core/Src/sd.o
                0x00000000080034e4                getFresultString
 .text.HAL_MspInit
                0x0000000008003600       0x50 ./Core/Src/stm32f4xx_hal_msp.o
                0x0000000008003600                HAL_MspInit
 .text.HAL_ADC_MspInit
                0x0000000008003650       0x88 ./Core/Src/stm32f4xx_hal_msp.o
                0x0000000008003650                HAL_ADC_MspInit
 .text.HAL_I2C_MspInit
                0x00000000080036d8      0x11c ./Core/Src/stm32f4xx_hal_msp.o
                0x00000000080036d8                HAL_I2C_MspInit
 .text.HAL_RTC_MspInit
                0x00000000080037f4       0x58 ./Core/Src/stm32f4xx_hal_msp.o
                0x00000000080037f4                HAL_RTC_MspInit
 .text.HAL_SPI_MspInit
                0x000000000800384c       0xb0 ./Core/Src/stm32f4xx_hal_msp.o
                0x000000000800384c                HAL_SPI_MspInit
 .text.HAL_TIM_Encoder_MspInit
                0x00000000080038fc       0xb0 ./Core/Src/stm32f4xx_hal_msp.o
                0x00000000080038fc                HAL_TIM_Encoder_MspInit
 .text.HAL_TIM_Base_MspInit
                0x00000000080039ac       0xc4 ./Core/Src/stm32f4xx_hal_msp.o
                0x00000000080039ac                HAL_TIM_Base_MspInit
 .text.HAL_UART_MspInit
                0x0000000008003a70       0x90 ./Core/Src/stm32f4xx_hal_msp.o
                0x0000000008003a70                HAL_UART_MspInit
 .text.SDTimer_Handler
                0x0000000008003b00       0x48 ./Core/Src/stm32f4xx_it.o
                0x0000000008003b00                SDTimer_Handler
 .text.NMI_Handler
                0x0000000008003b48        0x6 ./Core/Src/stm32f4xx_it.o
                0x0000000008003b48                NMI_Handler
 .text.HardFault_Handler
                0x0000000008003b4e        0x6 ./Core/Src/stm32f4xx_it.o
                0x0000000008003b4e                HardFault_Handler
 .text.MemManage_Handler
                0x0000000008003b54        0x6 ./Core/Src/stm32f4xx_it.o
                0x0000000008003b54                MemManage_Handler
 .text.BusFault_Handler
                0x0000000008003b5a        0x6 ./Core/Src/stm32f4xx_it.o
                0x0000000008003b5a                BusFault_Handler
 .text.UsageFault_Handler
                0x0000000008003b60        0x6 ./Core/Src/stm32f4xx_it.o
                0x0000000008003b60                UsageFault_Handler
 .text.SVC_Handler
                0x0000000008003b66        0xe ./Core/Src/stm32f4xx_it.o
                0x0000000008003b66                SVC_Handler
 .text.DebugMon_Handler
                0x0000000008003b74        0xe ./Core/Src/stm32f4xx_it.o
                0x0000000008003b74                DebugMon_Handler
 .text.PendSV_Handler
                0x0000000008003b82        0xe ./Core/Src/stm32f4xx_it.o
                0x0000000008003b82                PendSV_Handler
 .text.SysTick_Handler
                0x0000000008003b90       0x34 ./Core/Src/stm32f4xx_it.o
                0x0000000008003b90                SysTick_Handler
 .text.EXTI9_5_IRQHandler
                0x0000000008003bc4       0x10 ./Core/Src/stm32f4xx_it.o
                0x0000000008003bc4                EXTI9_5_IRQHandler
 .text.TIM1_UP_TIM10_IRQHandler
                0x0000000008003bd4       0x1c ./Core/Src/stm32f4xx_it.o
                0x0000000008003bd4                TIM1_UP_TIM10_IRQHandler
 .text.TIM1_TRG_COM_TIM11_IRQHandler
                0x0000000008003bf0       0x1c ./Core/Src/stm32f4xx_it.o
                0x0000000008003bf0                TIM1_TRG_COM_TIM11_IRQHandler
 .text.TIM2_IRQHandler
                0x0000000008003c0c       0x14 ./Core/Src/stm32f4xx_it.o
                0x0000000008003c0c                TIM2_IRQHandler
 .text._getpid  0x0000000008003c20       0x10 ./Core/Src/syscalls.o
                0x0000000008003c20                _getpid
 .text._kill    0x0000000008003c30       0x20 ./Core/Src/syscalls.o
                0x0000000008003c30                _kill
 .text._exit    0x0000000008003c50       0x14 ./Core/Src/syscalls.o
                0x0000000008003c50                _exit
 .text._read    0x0000000008003c64       0x3a ./Core/Src/syscalls.o
                0x0000000008003c64                _read
 .text._write   0x0000000008003c9e       0x38 ./Core/Src/syscalls.o
                0x0000000008003c9e                _write
 .text._close   0x0000000008003cd6       0x18 ./Core/Src/syscalls.o
                0x0000000008003cd6                _close
 .text._fstat   0x0000000008003cee       0x20 ./Core/Src/syscalls.o
                0x0000000008003cee                _fstat
 .text._isatty  0x0000000008003d0e       0x16 ./Core/Src/syscalls.o
                0x0000000008003d0e                _isatty
 .text._lseek   0x0000000008003d24       0x1a ./Core/Src/syscalls.o
                0x0000000008003d24                _lseek
 *fill*         0x0000000008003d3e        0x2 
 .text._sbrk    0x0000000008003d40       0x6c ./Core/Src/sysmem.o
                0x0000000008003d40                _sbrk
 .text.SystemInit
                0x0000000008003dac       0x24 ./Core/Src/system_stm32f4xx.o
                0x0000000008003dac                SystemInit
 .text.SPI_Timer_On
                0x0000000008003dd0       0x28 ./Core/Src/user_diskio_spi.o
                0x0000000008003dd0                SPI_Timer_On
 .text.SPI_Timer_Status
                0x0000000008003df8       0x2c ./Core/Src/user_diskio_spi.o
                0x0000000008003df8                SPI_Timer_Status
 .text.xchg_spi
                0x0000000008003e24       0x2c ./Core/Src/user_diskio_spi.o
 .text.rcvr_spi_multi
                0x0000000008003e50       0x38 ./Core/Src/user_diskio_spi.o
 .text.xmit_spi_multi
                0x0000000008003e88       0x28 ./Core/Src/user_diskio_spi.o
 .text.wait_ready
                0x0000000008003eb0       0x46 ./Core/Src/user_diskio_spi.o
 *fill*         0x0000000008003ef6        0x2 
 .text.despiselect
                0x0000000008003ef8       0x1c ./Core/Src/user_diskio_spi.o
 .text.spiselect
                0x0000000008003f14       0x34 ./Core/Src/user_diskio_spi.o
 .text.rcvr_datablock
                0x0000000008003f48       0x52 ./Core/Src/user_diskio_spi.o
 .text.xmit_datablock
                0x0000000008003f9a       0x64 ./Core/Src/user_diskio_spi.o
 .text.send_cmd
                0x0000000008003ffe       0xde ./Core/Src/user_diskio_spi.o
 .text.USER_SPI_initialize
                0x00000000080040dc      0x1d8 ./Core/Src/user_diskio_spi.o
                0x00000000080040dc                USER_SPI_initialize
 .text.USER_SPI_status
                0x00000000080042b4       0x2c ./Core/Src/user_diskio_spi.o
                0x00000000080042b4                USER_SPI_status
 .text.USER_SPI_read
                0x00000000080042e0       0xcc ./Core/Src/user_diskio_spi.o
                0x00000000080042e0                USER_SPI_read
 .text.USER_SPI_write
                0x00000000080043ac       0xf8 ./Core/Src/user_diskio_spi.o
                0x00000000080043ac                USER_SPI_write
 .text.USER_SPI_ioctl
                0x00000000080044a4      0x2e0 ./Core/Src/user_diskio_spi.o
                0x00000000080044a4                USER_SPI_ioctl
 .text.Reset_Handler
                0x0000000008004784       0x50 ./Core/Startup/startup_stm32f411ceux.o
                0x0000000008004784                Reset_Handler
 .text.Default_Handler
                0x00000000080047d4        0x2 ./Core/Startup/startup_stm32f411ceux.o
                0x00000000080047d4                RTC_Alarm_IRQHandler
                0x00000000080047d4                EXTI2_IRQHandler
                0x00000000080047d4                SPI4_IRQHandler
                0x00000000080047d4                TIM1_CC_IRQHandler
                0x00000000080047d4                DMA2_Stream5_IRQHandler
                0x00000000080047d4                DMA1_Stream5_IRQHandler
                0x00000000080047d4                PVD_IRQHandler
                0x00000000080047d4                SDIO_IRQHandler
                0x00000000080047d4                TAMP_STAMP_IRQHandler
                0x00000000080047d4                EXTI3_IRQHandler
                0x00000000080047d4                I2C3_ER_IRQHandler
                0x00000000080047d4                EXTI0_IRQHandler
                0x00000000080047d4                I2C2_EV_IRQHandler
                0x00000000080047d4                DMA1_Stream2_IRQHandler
                0x00000000080047d4                FPU_IRQHandler
                0x00000000080047d4                DMA2_Stream2_IRQHandler
                0x00000000080047d4                SPI1_IRQHandler
                0x00000000080047d4                TIM1_BRK_TIM9_IRQHandler
                0x00000000080047d4                DMA2_Stream3_IRQHandler
                0x00000000080047d4                USART6_IRQHandler
                0x00000000080047d4                DMA2_Stream0_IRQHandler
                0x00000000080047d4                TIM4_IRQHandler
                0x00000000080047d4                I2C1_EV_IRQHandler
                0x00000000080047d4                DMA1_Stream6_IRQHandler
                0x00000000080047d4                DMA1_Stream1_IRQHandler
                0x00000000080047d4                TIM3_IRQHandler
                0x00000000080047d4                RCC_IRQHandler
                0x00000000080047d4                Default_Handler
                0x00000000080047d4                EXTI15_10_IRQHandler
                0x00000000080047d4                ADC_IRQHandler
                0x00000000080047d4                DMA1_Stream7_IRQHandler
                0x00000000080047d4                SPI5_IRQHandler
                0x00000000080047d4                TIM5_IRQHandler
                0x00000000080047d4                DMA2_Stream7_IRQHandler
                0x00000000080047d4                I2C3_EV_IRQHandler
                0x00000000080047d4                RTC_WKUP_IRQHandler
                0x00000000080047d4                SPI2_IRQHandler
                0x00000000080047d4                DMA1_Stream0_IRQHandler
                0x00000000080047d4                EXTI4_IRQHandler
                0x00000000080047d4                WWDG_IRQHandler
                0x00000000080047d4                OTG_FS_WKUP_IRQHandler
                0x00000000080047d4                EXTI1_IRQHandler
                0x00000000080047d4                USART2_IRQHandler
                0x00000000080047d4                I2C2_ER_IRQHandler
                0x00000000080047d4                DMA2_Stream1_IRQHandler
                0x00000000080047d4                FLASH_IRQHandler
                0x00000000080047d4                DMA2_Stream4_IRQHandler
                0x00000000080047d4                USART1_IRQHandler
                0x00000000080047d4                OTG_FS_IRQHandler
                0x00000000080047d4                SPI3_IRQHandler
                0x00000000080047d4                DMA1_Stream4_IRQHandler
                0x00000000080047d4                I2C1_ER_IRQHandler
                0x00000000080047d4                DMA2_Stream6_IRQHandler
                0x00000000080047d4                DMA1_Stream3_IRQHandler
 .text.ssd1306_Reset
                0x00000000080047d6        0xe ./Drivers/OLED/ssd1306.o
                0x00000000080047d6                ssd1306_Reset
 .text.ssd1306_WriteCommand
                0x00000000080047e4       0x30 ./Drivers/OLED/ssd1306.o
                0x00000000080047e4                ssd1306_WriteCommand
 .text.ssd1306_WriteData
                0x0000000008004814       0x34 ./Drivers/OLED/ssd1306.o
                0x0000000008004814                ssd1306_WriteData
 .text.ssd1306_Init
                0x0000000008004848       0xd4 ./Drivers/OLED/ssd1306.o
                0x0000000008004848                ssd1306_Init
 .text.ssd1306_Fill
                0x000000000800491c       0x48 ./Drivers/OLED/ssd1306.o
                0x000000000800491c                ssd1306_Fill
 .text.ssd1306_UpdateScreen
                0x0000000008004964       0x50 ./Drivers/OLED/ssd1306.o
                0x0000000008004964                ssd1306_UpdateScreen
 .text.ssd1306_DrawPixel
                0x00000000080049b4       0xa8 ./Drivers/OLED/ssd1306.o
                0x00000000080049b4                ssd1306_DrawPixel
 .text.ssd1306_WriteChar
                0x0000000008004a5c      0x110 ./Drivers/OLED/ssd1306.o
                0x0000000008004a5c                ssd1306_WriteChar
 .text.ssd1306_WriteString
                0x0000000008004b6c       0x4c ./Drivers/OLED/ssd1306.o
                0x0000000008004b6c                ssd1306_WriteString
 .text.ssd1306_SetCursor
                0x0000000008004bb8       0x30 ./Drivers/OLED/ssd1306.o
                0x0000000008004bb8                ssd1306_SetCursor
 .text.ssd1306_SetContrast
                0x0000000008004be8       0x26 ./Drivers/OLED/ssd1306.o
                0x0000000008004be8                ssd1306_SetContrast
 *fill*         0x0000000008004c0e        0x2 
 .text.ssd1306_SetDisplayOn
                0x0000000008004c10       0x3c ./Drivers/OLED/ssd1306.o
                0x0000000008004c10                ssd1306_SetDisplayOn
 .text.HAL_Init
                0x0000000008004c4c       0x44 ./Drivers/STM32F4xx_HAL_Driver/Src/stm32f4xx_hal.o
                0x0000000008004c4c                HAL_Init
 .text.HAL_InitTick
                0x0000000008004c90       0x60 ./Drivers/STM32F4xx_HAL_Driver/Src/stm32f4xx_hal.o
                0x0000000008004c90                HAL_InitTick
 .text.HAL_IncTick
                0x0000000008004cf0       0x28 ./Drivers/STM32F4xx_HAL_Driver/Src/stm32f4xx_hal.o
                0x0000000008004cf0                HAL_IncTick
 .text.HAL_GetTick
                0x0000000008004d18       0x18 ./Drivers/STM32F4xx_HAL_Driver/Src/stm32f4xx_hal.o
                0x0000000008004d18                HAL_GetTick
 .text.HAL_Delay
                0x0000000008004d30       0x48 ./Drivers/STM32F4xx_HAL_Driver/Src/stm32f4xx_hal.o
                0x0000000008004d30                HAL_Delay
 .text.HAL_ADC_Init
                0x0000000008004d78       0x86 ./Drivers/STM32F4xx_HAL_Driver/Src/stm32f4xx_hal_adc.o
                0x0000000008004d78                HAL_ADC_Init
 *fill*         0x0000000008004dfe        0x2 
 .text.HAL_ADC_Start
                0x0000000008004e00      0x168 ./Drivers/STM32F4xx_HAL_Driver/Src/stm32f4xx_hal_adc.o
                0x0000000008004e00                HAL_ADC_Start
 .text.HAL_ADC_PollForConversion
                0x0000000008004f68      0x116 ./Drivers/STM32F4xx_HAL_Driver/Src/stm32f4xx_hal_adc.o
                0x0000000008004f68                HAL_ADC_PollForConversion
 .text.HAL_ADC_GetValue
                0x000000000800507e       0x1a ./Drivers/STM32F4xx_HAL_Driver/Src/stm32f4xx_hal_adc.o
                0x000000000800507e                HAL_ADC_GetValue
 .text.HAL_ADC_ConfigChannel
                0x0000000008005098      0x264 ./Drivers/STM32F4xx_HAL_Driver/Src/stm32f4xx_hal_adc.o
                0x0000000008005098                HAL_ADC_ConfigChannel
 .text.ADC_Init
                0x00000000080052fc      0x1f8 ./Drivers/STM32F4xx_HAL_Driver/Src/stm32f4xx_hal_adc.o
 .text.__NVIC_SetPriorityGrouping
                0x00000000080054f4       0x48 ./Drivers/STM32F4xx_HAL_Driver/Src/stm32f4xx_hal_cortex.o
 .text.__NVIC_GetPriorityGrouping
                0x000000000800553c       0x1c ./Drivers/STM32F4xx_HAL_Driver/Src/stm32f4xx_hal_cortex.o
 .text.__NVIC_EnableIRQ
                0x0000000008005558       0x3c ./Drivers/STM32F4xx_HAL_Driver/Src/stm32f4xx_hal_cortex.o
 .text.__NVIC_SetPriority
                0x0000000008005594       0x54 ./Drivers/STM32F4xx_HAL_Driver/Src/stm32f4xx_hal_cortex.o
 .text.NVIC_EncodePriority
                0x00000000080055e8       0x66 ./Drivers/STM32F4xx_HAL_Driver/Src/stm32f4xx_hal_cortex.o
 *fill*         0x000000000800564e        0x2 
 .text.SysTick_Config
                0x0000000008005650       0x44 ./Drivers/STM32F4xx_HAL_Driver/Src/stm32f4xx_hal_cortex.o
 .text.HAL_NVIC_SetPriorityGrouping
                0x0000000008005694       0x16 ./Drivers/STM32F4xx_HAL_Driver/Src/stm32f4xx_hal_cortex.o
                0x0000000008005694                HAL_NVIC_SetPriorityGrouping
 .text.HAL_NVIC_SetPriority
                0x00000000080056aa       0x38 ./Drivers/STM32F4xx_HAL_Driver/Src/stm32f4xx_hal_cortex.o
                0x00000000080056aa                HAL_NVIC_SetPriority
 .text.HAL_NVIC_EnableIRQ
                0x00000000080056e2       0x1c ./Drivers/STM32F4xx_HAL_Driver/Src/stm32f4xx_hal_cortex.o
                0x00000000080056e2                HAL_NVIC_EnableIRQ
 .text.HAL_SYSTICK_Config
                0x00000000080056fe       0x18 ./Drivers/STM32F4xx_HAL_Driver/Src/stm32f4xx_hal_cortex.o
                0x00000000080056fe                HAL_SYSTICK_Config
 *fill*         0x0000000008005716        0x2 
 .text.HAL_GPIO_Init
                0x0000000008005718      0x308 ./Drivers/STM32F4xx_HAL_Driver/Src/stm32f4xx_hal_gpio.o
                0x0000000008005718                HAL_GPIO_Init
 .text.HAL_GPIO_ReadPin
                0x0000000008005a20       0x30 ./Drivers/STM32F4xx_HAL_Driver/Src/stm32f4xx_hal_gpio.o
                0x0000000008005a20                HAL_GPIO_ReadPin
 .text.HAL_GPIO_WritePin
                0x0000000008005a50       0x32 ./Drivers/STM32F4xx_HAL_Driver/Src/stm32f4xx_hal_gpio.o
                0x0000000008005a50                HAL_GPIO_WritePin
 *fill*         0x0000000008005a82        0x2 
 .text.HAL_GPIO_EXTI_IRQHandler
                0x0000000008005a84       0x30 ./Drivers/STM32F4xx_HAL_Driver/Src/stm32f4xx_hal_gpio.o
                0x0000000008005a84                HAL_GPIO_EXTI_IRQHandler
 .text.HAL_I2C_Init
                0x0000000008005ab4      0x288 ./Drivers/STM32F4xx_HAL_Driver/Src/stm32f4xx_hal_i2c.o
                0x0000000008005ab4                HAL_I2C_Init
 .text.HAL_I2C_Master_Transmit
                0x0000000008005d3c      0x1fc ./Drivers/STM32F4xx_HAL_Driver/Src/stm32f4xx_hal_i2c.o
                0x0000000008005d3c                HAL_I2C_Master_Transmit
 .text.HAL_I2C_Master_Receive
                0x0000000008005f38      0x44c ./Drivers/STM32F4xx_HAL_Driver/Src/stm32f4xx_hal_i2c.o
                0x0000000008005f38                HAL_I2C_Master_Receive
 .text.HAL_I2C_Mem_Write
                0x0000000008006384      0x1f4 ./Drivers/STM32F4xx_HAL_Driver/Src/stm32f4xx_hal_i2c.o
                0x0000000008006384                HAL_I2C_Mem_Write
 .text.I2C_MasterRequestWrite
                0x0000000008006578      0x104 ./Drivers/STM32F4xx_HAL_Driver/Src/stm32f4xx_hal_i2c.o
 .text.I2C_MasterRequestRead
                0x000000000800667c      0x19c ./Drivers/STM32F4xx_HAL_Driver/Src/stm32f4xx_hal_i2c.o
 .text.I2C_RequestMemoryWrite
                0x0000000008006818      0x12c ./Drivers/STM32F4xx_HAL_Driver/Src/stm32f4xx_hal_i2c.o
 .text.I2C_WaitOnFlagUntilTimeout
                0x0000000008006944       0xae ./Drivers/STM32F4xx_HAL_Driver/Src/stm32f4xx_hal_i2c.o
 .text.I2C_WaitOnMasterAddressFlagUntilTimeout
                0x00000000080069f2       0xfe ./Drivers/STM32F4xx_HAL_Driver/Src/stm32f4xx_hal_i2c.o
 .text.I2C_WaitOnTXEFlagUntilTimeout
                0x0000000008006af0       0x82 ./Drivers/STM32F4xx_HAL_Driver/Src/stm32f4xx_hal_i2c.o
 .text.I2C_WaitOnBTFFlagUntilTimeout
                0x0000000008006b72       0x82 ./Drivers/STM32F4xx_HAL_Driver/Src/stm32f4xx_hal_i2c.o
 .text.I2C_WaitOnRXNEFlagUntilTimeout
                0x0000000008006bf4       0xac ./Drivers/STM32F4xx_HAL_Driver/Src/stm32f4xx_hal_i2c.o
 .text.I2C_IsAcknowledgeFailed
                0x0000000008006ca0       0x5e ./Drivers/STM32F4xx_HAL_Driver/Src/stm32f4xx_hal_i2c.o
 *fill*         0x0000000008006cfe        0x2 
 .text.HAL_RCC_OscConfig
                0x0000000008006d00      0x4f0 ./Drivers/STM32F4xx_HAL_Driver/Src/stm32f4xx_hal_rcc.o
                0x0000000008006d00                HAL_RCC_OscConfig
 .text.HAL_RCC_ClockConfig
                0x00000000080071f0      0x1cc ./Drivers/STM32F4xx_HAL_Driver/Src/stm32f4xx_hal_rcc.o
                0x00000000080071f0                HAL_RCC_ClockConfig
 .text.HAL_RCC_GetSysClockFreq
                0x00000000080073bc      0x18c ./Drivers/STM32F4xx_HAL_Driver/Src/stm32f4xx_hal_rcc.o
                0x00000000080073bc                HAL_RCC_GetSysClockFreq
 .text.HAL_RCC_GetHCLKFreq
                0x0000000008007548       0x18 ./Drivers/STM32F4xx_HAL_Driver/Src/stm32f4xx_hal_rcc.o
                0x0000000008007548                HAL_RCC_GetHCLKFreq
 .text.HAL_RCC_GetPCLK1Freq
                0x0000000008007560       0x28 ./Drivers/STM32F4xx_HAL_Driver/Src/stm32f4xx_hal_rcc.o
                0x0000000008007560                HAL_RCC_GetPCLK1Freq
 .text.HAL_RCC_GetPCLK2Freq
                0x0000000008007588       0x28 ./Drivers/STM32F4xx_HAL_Driver/Src/stm32f4xx_hal_rcc.o
                0x0000000008007588                HAL_RCC_GetPCLK2Freq
 .text.HAL_RCCEx_PeriphCLKConfig
                0x00000000080075b0      0x1e0 ./Drivers/STM32F4xx_HAL_Driver/Src/stm32f4xx_hal_rcc_ex.o
                0x00000000080075b0                HAL_RCCEx_PeriphCLKConfig
 .text.HAL_RTC_Init
                0x0000000008007790       0xec ./Drivers/STM32F4xx_HAL_Driver/Src/stm32f4xx_hal_rtc.o
                0x0000000008007790                HAL_RTC_Init
 .text.HAL_RTC_SetTime
                0x000000000800787c      0x134 ./Drivers/STM32F4xx_HAL_Driver/Src/stm32f4xx_hal_rtc.o
                0x000000000800787c                HAL_RTC_SetTime
 .text.HAL_RTC_GetTime
                0x00000000080079b0       0xbc ./Drivers/STM32F4xx_HAL_Driver/Src/stm32f4xx_hal_rtc.o
                0x00000000080079b0                HAL_RTC_GetTime
 .text.HAL_RTC_SetDate
                0x0000000008007a6c      0x108 ./Drivers/STM32F4xx_HAL_Driver/Src/stm32f4xx_hal_rtc.o
                0x0000000008007a6c                HAL_RTC_SetDate
 .text.HAL_RTC_GetDate
                0x0000000008007b74       0x9e ./Drivers/STM32F4xx_HAL_Driver/Src/stm32f4xx_hal_rtc.o
                0x0000000008007b74                HAL_RTC_GetDate
 .text.HAL_RTC_WaitForSynchro
                0x0000000008007c12       0x50 ./Drivers/STM32F4xx_HAL_Driver/Src/stm32f4xx_hal_rtc.o
                0x0000000008007c12                HAL_RTC_WaitForSynchro
 .text.RTC_EnterInitMode
                0x0000000008007c62       0x6e ./Drivers/STM32F4xx_HAL_Driver/Src/stm32f4xx_hal_rtc.o
                0x0000000008007c62                RTC_EnterInitMode
 .text.RTC_ExitInitMode
                0x0000000008007cd0       0x4a ./Drivers/STM32F4xx_HAL_Driver/Src/stm32f4xx_hal_rtc.o
                0x0000000008007cd0                RTC_ExitInitMode
 .text.RTC_ByteToBcd2
                0x0000000008007d1a       0x3a ./Drivers/STM32F4xx_HAL_Driver/Src/stm32f4xx_hal_rtc.o
                0x0000000008007d1a                RTC_ByteToBcd2
 .text.RTC_Bcd2ToByte
                0x0000000008007d54       0x38 ./Drivers/STM32F4xx_HAL_Driver/Src/stm32f4xx_hal_rtc.o
                0x0000000008007d54                RTC_Bcd2ToByte
 .text.HAL_SPI_Init
                0x0000000008007d8c      0x112 ./Drivers/STM32F4xx_HAL_Driver/Src/stm32f4xx_hal_spi.o
                0x0000000008007d8c                HAL_SPI_Init
 .text.HAL_SPI_Transmit
                0x0000000008007e9e      0x278 ./Drivers/STM32F4xx_HAL_Driver/Src/stm32f4xx_hal_spi.o
                0x0000000008007e9e                HAL_SPI_Transmit
 .text.HAL_SPI_TransmitReceive
                0x0000000008008116      0x344 ./Drivers/STM32F4xx_HAL_Driver/Src/stm32f4xx_hal_spi.o
                0x0000000008008116                HAL_SPI_TransmitReceive
 *fill*         0x000000000800845a        0x2 
 .text.SPI_WaitFlagStateUntilTimeout
                0x000000000800845c      0x110 ./Drivers/STM32F4xx_HAL_Driver/Src/stm32f4xx_hal_spi.o
 .text.SPI_EndRxTxTransaction
                0x000000000800856c       0x84 ./Drivers/STM32F4xx_HAL_Driver/Src/stm32f4xx_hal_spi.o
 .text.HAL_TIM_Base_Init
                0x00000000080085f0       0x9e ./Drivers/STM32F4xx_HAL_Driver/Src/stm32f4xx_hal_tim.o
                0x00000000080085f0                HAL_TIM_Base_Init
 *fill*         0x000000000800868e        0x2 
 .text.HAL_TIM_Base_Start
                0x0000000008008690       0xb4 ./Drivers/STM32F4xx_HAL_Driver/Src/stm32f4xx_hal_tim.o
                0x0000000008008690                HAL_TIM_Base_Start
 .text.HAL_TIM_Base_Start_IT
                0x0000000008008744       0xc4 ./Drivers/STM32F4xx_HAL_Driver/Src/stm32f4xx_hal_tim.o
                0x0000000008008744                HAL_TIM_Base_Start_IT
 .text.HAL_TIM_Base_Stop_IT
                0x0000000008008808       0x5e ./Drivers/STM32F4xx_HAL_Driver/Src/stm32f4xx_hal_tim.o
                0x0000000008008808                HAL_TIM_Base_Stop_IT
 .text.HAL_TIM_OC_Init
                0x0000000008008866       0x9e ./Drivers/STM32F4xx_HAL_Driver/Src/stm32f4xx_hal_tim.o
                0x0000000008008866                HAL_TIM_OC_Init
 .text.HAL_TIM_OC_MspInit
                0x0000000008008904       0x14 ./Drivers/STM32F4xx_HAL_Driver/Src/stm32f4xx_hal_tim.o
                0x0000000008008904                HAL_TIM_OC_MspInit
 .text.HAL_TIM_OC_Start_IT
                0x0000000008008918      0x1fc ./Drivers/STM32F4xx_HAL_Driver/Src/stm32f4xx_hal_tim.o
                0x0000000008008918                HAL_TIM_OC_Start_IT
 .text.HAL_TIM_Encoder_Init
                0x0000000008008b14      0x14c ./Drivers/STM32F4xx_HAL_Driver/Src/stm32f4xx_hal_tim.o
                0x0000000008008b14                HAL_TIM_Encoder_Init
 .text.HAL_TIM_Encoder_Start_IT
                0x0000000008008c60      0x15c ./Drivers/STM32F4xx_HAL_Driver/Src/stm32f4xx_hal_tim.o
                0x0000000008008c60                HAL_TIM_Encoder_Start_IT
 .text.HAL_TIM_IRQHandler
                0x0000000008008dbc      0x210 ./Drivers/STM32F4xx_HAL_Driver/Src/stm32f4xx_hal_tim.o
                0x0000000008008dbc                HAL_TIM_IRQHandler
 .text.HAL_TIM_OC_ConfigChannel
                0x0000000008008fcc       0xb8 ./Drivers/STM32F4xx_HAL_Driver/Src/stm32f4xx_hal_tim.o
                0x0000000008008fcc                HAL_TIM_OC_ConfigChannel
 .text.HAL_TIM_ConfigClockSource
                0x0000000008009084      0x18e ./Drivers/STM32F4xx_HAL_Driver/Src/stm32f4xx_hal_tim.o
                0x0000000008009084                HAL_TIM_ConfigClockSource
 *fill*         0x0000000008009212        0x2 
 .text.HAL_TIM_ReadCapturedValue
                0x0000000008009214       0x88 ./Drivers/STM32F4xx_HAL_Driver/Src/stm32f4xx_hal_tim.o
                0x0000000008009214                HAL_TIM_ReadCapturedValue
 .text.HAL_TIM_IC_CaptureCallback
                0x000000000800929c       0x14 ./Drivers/STM32F4xx_HAL_Driver/Src/stm32f4xx_hal_tim.o
                0x000000000800929c                HAL_TIM_IC_CaptureCallback
 .text.HAL_TIM_PWM_PulseFinishedCallback
                0x00000000080092b0       0x14 ./Drivers/STM32F4xx_HAL_Driver/Src/stm32f4xx_hal_tim.o
                0x00000000080092b0                HAL_TIM_PWM_PulseFinishedCallback
 .text.HAL_TIM_TriggerCallback
                0x00000000080092c4       0x14 ./Drivers/STM32F4xx_HAL_Driver/Src/stm32f4xx_hal_tim.o
                0x00000000080092c4                HAL_TIM_TriggerCallback
 .text.TIM_Base_SetConfig
                0x00000000080092d8      0x100 ./Drivers/STM32F4xx_HAL_Driver/Src/stm32f4xx_hal_tim.o
                0x00000000080092d8                TIM_Base_SetConfig
 .text.TIM_OC1_SetConfig
                0x00000000080093d8       0xcc ./Drivers/STM32F4xx_HAL_Driver/Src/stm32f4xx_hal_tim.o
 .text.TIM_OC2_SetConfig
                0x00000000080094a4       0xd8 ./Drivers/STM32F4xx_HAL_Driver/Src/stm32f4xx_hal_tim.o
                0x00000000080094a4                TIM_OC2_SetConfig
 .text.TIM_OC3_SetConfig
                0x000000000800957c       0xd4 ./Drivers/STM32F4xx_HAL_Driver/Src/stm32f4xx_hal_tim.o
 .text.TIM_OC4_SetConfig
                0x0000000008009650       0xa0 ./Drivers/STM32F4xx_HAL_Driver/Src/stm32f4xx_hal_tim.o
 .text.TIM_TI1_ConfigInputStage
                0x00000000080096f0       0x5e ./Drivers/STM32F4xx_HAL_Driver/Src/stm32f4xx_hal_tim.o
 .text.TIM_TI2_ConfigInputStage
                0x000000000800974e       0x60 ./Drivers/STM32F4xx_HAL_Driver/Src/stm32f4xx_hal_tim.o
 .text.TIM_ITRx_SetConfig
                0x00000000080097ae       0x36 ./Drivers/STM32F4xx_HAL_Driver/Src/stm32f4xx_hal_tim.o
 .text.TIM_ETR_SetConfig
                0x00000000080097e4       0x40 ./Drivers/STM32F4xx_HAL_Driver/Src/stm32f4xx_hal_tim.o
                0x00000000080097e4                TIM_ETR_SetConfig
 .text.TIM_CCxChannelCmd
                0x0000000008009824       0x4a ./Drivers/STM32F4xx_HAL_Driver/Src/stm32f4xx_hal_tim.o
                0x0000000008009824                TIM_CCxChannelCmd
 *fill*         0x000000000800986e        0x2 
 .text.HAL_TIMEx_MasterConfigSynchronization
                0x0000000008009870       0xdc ./Drivers/STM32F4xx_HAL_Driver/Src/stm32f4xx_hal_tim_ex.o
                0x0000000008009870                HAL_TIMEx_MasterConfigSynchronization
 .text.HAL_TIMEx_CommutCallback
                0x000000000800994c       0x14 ./Drivers/STM32F4xx_HAL_Driver/Src/stm32f4xx_hal_tim_ex.o
                0x000000000800994c                HAL_TIMEx_CommutCallback
 .text.HAL_TIMEx_BreakCallback
                0x0000000008009960       0x14 ./Drivers/STM32F4xx_HAL_Driver/Src/stm32f4xx_hal_tim_ex.o
                0x0000000008009960                HAL_TIMEx_BreakCallback
 .text.HAL_UART_Init
                0x0000000008009974       0x9a ./Drivers/STM32F4xx_HAL_Driver/Src/stm32f4xx_hal_uart.o
                0x0000000008009974                HAL_UART_Init
 .text.HAL_UART_Transmit
                0x0000000008009a0e      0x124 ./Drivers/STM32F4xx_HAL_Driver/Src/stm32f4xx_hal_uart.o
                0x0000000008009a0e                HAL_UART_Transmit
 .text.UART_WaitOnFlagUntilTimeout
                0x0000000008009b32       0xdc ./Drivers/STM32F4xx_HAL_Driver/Src/stm32f4xx_hal_uart.o
 *fill*         0x0000000008009c0e        0x2 
 .text.UART_SetConfig
                0x0000000008009c10      0x4e8 ./Drivers/STM32F4xx_HAL_Driver/Src/stm32f4xx_hal_uart.o
 .text.MX_FATFS_Init
                0x000000000800a0f8       0x24 ./FATFS/App/fatfs.o
                0x000000000800a0f8                MX_FATFS_Init
 .text.USER_initialize
                0x000000000800a11c       0x1c ./FATFS/Target/user_diskio.o
                0x000000000800a11c                USER_initialize
 .text.USER_status
                0x000000000800a138       0x1c ./FATFS/Target/user_diskio.o
                0x000000000800a138                USER_status
 .text.USER_read
                0x000000000800a154       0x26 ./FATFS/Target/user_diskio.o
                0x000000000800a154                USER_read
 .text.USER_write
                0x000000000800a17a       0x26 ./FATFS/Target/user_diskio.o
                0x000000000800a17a                USER_write
 .text.USER_ioctl
                0x000000000800a1a0       0x26 ./FATFS/Target/user_diskio.o
                0x000000000800a1a0                USER_ioctl
 *fill*         0x000000000800a1c6        0x2 
 .text.disk_status
                0x000000000800a1c8       0x34 ./Middlewares/Third_Party/FatFs/src/diskio.o
                0x000000000800a1c8                disk_status
 .text.disk_initialize
                0x000000000800a1fc       0x4c ./Middlewares/Third_Party/FatFs/src/diskio.o
                0x000000000800a1fc                disk_initialize
 .text.disk_read
                0x000000000800a248       0x40 ./Middlewares/Third_Party/FatFs/src/diskio.o
                0x000000000800a248                disk_read
 .text.disk_write
                0x000000000800a288       0x40 ./Middlewares/Third_Party/FatFs/src/diskio.o
                0x000000000800a288                disk_write
 .text.ld_word  0x000000000800a2c8       0x30 ./Middlewares/Third_Party/FatFs/src/ff.o
 .text.ld_dword
                0x000000000800a2f8       0x46 ./Middlewares/Third_Party/FatFs/src/ff.o
 *fill*         0x000000000800a33e        0x2 
 .text.clear_lock
                0x000000000800a340       0x48 ./Middlewares/Third_Party/FatFs/src/ff.o
 .text.sync_window
                0x000000000800a388       0x88 ./Middlewares/Third_Party/FatFs/src/ff.o
 .text.move_window
                0x000000000800a410       0x5a ./Middlewares/Third_Party/FatFs/src/ff.o
 .text.get_fat  0x000000000800a46a      0x150 ./Middlewares/Third_Party/FatFs/src/ff.o
 .text.get_ldnumber
                0x000000000800a5ba       0x88 ./Middlewares/Third_Party/FatFs/src/ff.o
 *fill*         0x000000000800a642        0x2 
 .text.check_fs
                0x000000000800a644       0xac ./Middlewares/Third_Party/FatFs/src/ff.o
 .text.find_volume
                0x000000000800a6f0      0x498 ./Middlewares/Third_Party/FatFs/src/ff.o
 .text.f_mount  0x000000000800ab88       0x8c ./Middlewares/Third_Party/FatFs/src/ff.o
                0x000000000800ab88                f_mount
 .text.f_getfree
                0x000000000800ac14      0x16a ./Middlewares/Third_Party/FatFs/src/ff.o
                0x000000000800ac14                f_getfree
 *fill*         0x000000000800ad7e        0x2 
 .text.FATFS_LinkDriverEx
                0x000000000800ad80       0x98 ./Middlewares/Third_Party/FatFs/src/ff_gen_drv.o
                0x000000000800ad80                FATFS_LinkDriverEx
 .text.FATFS_LinkDriver
                0x000000000800ae18       0x1e ./Middlewares/Third_Party/FatFs/src/ff_gen_drv.o
                0x000000000800ae18                FATFS_LinkDriver
 .text.__cvt    0x000000000800ae36       0xc4 C:/ST/STM32CubeIDE_1.13.2/STM32CubeIDE/plugins/com.st.stm32cube.ide.mcu.externaltools.gnu-tools-for-stm32.11.3.rel1.win32_1.1.1.202309131626/tools/bin/../lib/gcc/arm-none-eabi/11.3.1/../../../../arm-none-eabi/lib/thumb/v7e-m+fp/hard\libc_nano.a(libc_a-nano-vfprintf_float.o)
                0x000000000800ae36                __cvt
 .text.__exponent
                0x000000000800aefa       0x7c C:/ST/STM32CubeIDE_1.13.2/STM32CubeIDE/plugins/com.st.stm32cube.ide.mcu.externaltools.gnu-tools-for-stm32.11.3.rel1.win32_1.1.1.202309131626/tools/bin/../lib/gcc/arm-none-eabi/11.3.1/../../../../arm-none-eabi/lib/thumb/v7e-m+fp/hard\libc_nano.a(libc_a-nano-vfprintf_float.o)
                0x000000000800aefa                __exponent
 *fill*         0x000000000800af76        0x2 
 .text._printf_float
                0x000000000800af78      0x46c C:/ST/STM32CubeIDE_1.13.2/STM32CubeIDE/plugins/com.st.stm32cube.ide.mcu.externaltools.gnu-tools-for-stm32.11.3.rel1.win32_1.1.1.202309131626/tools/bin/../lib/gcc/arm-none-eabi/11.3.1/../../../../arm-none-eabi/lib/thumb/v7e-m+fp/hard\libc_nano.a(libc_a-nano-vfprintf_float.o)
                0x000000000800af78                _printf_float
 .text._printf_common
                0x000000000800b3e4       0xda C:/ST/STM32CubeIDE_1.13.2/STM32CubeIDE/plugins/com.st.stm32cube.ide.mcu.externaltools.gnu-tools-for-stm32.11.3.rel1.win32_1.1.1.202309131626/tools/bin/../lib/gcc/arm-none-eabi/11.3.1/../../../../arm-none-eabi/lib/thumb/v7e-m+fp/hard\libc_nano.a(libc_a-nano-vfprintf_i.o)
                0x000000000800b3e4                _printf_common
 *fill*         0x000000000800b4be        0x2 
 .text._printf_i
                0x000000000800b4c0      0x244 C:/ST/STM32CubeIDE_1.13.2/STM32CubeIDE/plugins/com.st.stm32cube.ide.mcu.externaltools.gnu-tools-for-stm32.11.3.rel1.win32_1.1.1.202309131626/tools/bin/../lib/gcc/arm-none-eabi/11.3.1/../../../../arm-none-eabi/lib/thumb/v7e-m+fp/hard\libc_nano.a(libc_a-nano-vfprintf_i.o)
                0x000000000800b4c0                _printf_i
 .text.std      0x000000000800b704       0x6c C:/ST/STM32CubeIDE_1.13.2/STM32CubeIDE/plugins/com.st.stm32cube.ide.mcu.externaltools.gnu-tools-for-stm32.11.3.rel1.win32_1.1.1.202309131626/tools/bin/../lib/gcc/arm-none-eabi/11.3.1/../../../../arm-none-eabi/lib/thumb/v7e-m+fp/hard\libc_nano.a(libc_a-findfp.o)
 .text.stdio_exit_handler
                0x000000000800b770       0x18 C:/ST/STM32CubeIDE_1.13.2/STM32CubeIDE/plugins/com.st.stm32cube.ide.mcu.externaltools.gnu-tools-for-stm32.11.3.rel1.win32_1.1.1.202309131626/tools/bin/../lib/gcc/arm-none-eabi/11.3.1/../../../../arm-none-eabi/lib/thumb/v7e-m+fp/hard\libc_nano.a(libc_a-findfp.o)
 .text.cleanup_stdio
                0x000000000800b788       0x40 C:/ST/STM32CubeIDE_1.13.2/STM32CubeIDE/plugins/com.st.stm32cube.ide.mcu.externaltools.gnu-tools-for-stm32.11.3.rel1.win32_1.1.1.202309131626/tools/bin/../lib/gcc/arm-none-eabi/11.3.1/../../../../arm-none-eabi/lib/thumb/v7e-m+fp/hard\libc_nano.a(libc_a-findfp.o)
 .text.global_stdio_init.part.0
                0x000000000800b7c8       0x3c C:/ST/STM32CubeIDE_1.13.2/STM32CubeIDE/plugins/com.st.stm32cube.ide.mcu.externaltools.gnu-tools-for-stm32.11.3.rel1.win32_1.1.1.202309131626/tools/bin/../lib/gcc/arm-none-eabi/11.3.1/../../../../arm-none-eabi/lib/thumb/v7e-m+fp/hard\libc_nano.a(libc_a-findfp.o)
 .text.__sfp_lock_acquire
                0x000000000800b804        0xc C:/ST/STM32CubeIDE_1.13.2/STM32CubeIDE/plugins/com.st.stm32cube.ide.mcu.externaltools.gnu-tools-for-stm32.11.3.rel1.win32_1.1.1.202309131626/tools/bin/../lib/gcc/arm-none-eabi/11.3.1/../../../../arm-none-eabi/lib/thumb/v7e-m+fp/hard\libc_nano.a(libc_a-findfp.o)
                0x000000000800b804                __sfp_lock_acquire
 .text.__sfp_lock_release
                0x000000000800b810        0xc C:/ST/STM32CubeIDE_1.13.2/STM32CubeIDE/plugins/com.st.stm32cube.ide.mcu.externaltools.gnu-tools-for-stm32.11.3.rel1.win32_1.1.1.202309131626/tools/bin/../lib/gcc/arm-none-eabi/11.3.1/../../../../arm-none-eabi/lib/thumb/v7e-m+fp/hard\libc_nano.a(libc_a-findfp.o)
                0x000000000800b810                __sfp_lock_release
 .text.__sinit  0x000000000800b81c       0x30 C:/ST/STM32CubeIDE_1.13.2/STM32CubeIDE/plugins/com.st.stm32cube.ide.mcu.externaltools.gnu-tools-for-stm32.11.3.rel1.win32_1.1.1.202309131626/tools/bin/../lib/gcc/arm-none-eabi/11.3.1/../../../../arm-none-eabi/lib/thumb/v7e-m+fp/hard\libc_nano.a(libc_a-findfp.o)
                0x000000000800b81c                __sinit
 .text._fwalk_sglue
                0x000000000800b84c       0x3c C:/ST/STM32CubeIDE_1.13.2/STM32CubeIDE/plugins/com.st.stm32cube.ide.mcu.externaltools.gnu-tools-for-stm32.11.3.rel1.win32_1.1.1.202309131626/tools/bin/../lib/gcc/arm-none-eabi/11.3.1/../../../../arm-none-eabi/lib/thumb/v7e-m+fp/hard\libc_nano.a(libc_a-fwalk.o)
                0x000000000800b84c                _fwalk_sglue
 .text._puts_r  0x000000000800b888       0xa8 C:/ST/STM32CubeIDE_1.13.2/STM32CubeIDE/plugins/com.st.stm32cube.ide.mcu.externaltools.gnu-tools-for-stm32.11.3.rel1.win32_1.1.1.202309131626/tools/bin/../lib/gcc/arm-none-eabi/11.3.1/../../../../arm-none-eabi/lib/thumb/v7e-m+fp/hard\libc_nano.a(libc_a-puts.o)
                0x000000000800b888                _puts_r
 .text.puts     0x000000000800b930       0x10 C:/ST/STM32CubeIDE_1.13.2/STM32CubeIDE/plugins/com.st.stm32cube.ide.mcu.externaltools.gnu-tools-for-stm32.11.3.rel1.win32_1.1.1.202309131626/tools/bin/../lib/gcc/arm-none-eabi/11.3.1/../../../../arm-none-eabi/lib/thumb/v7e-m+fp/hard\libc_nano.a(libc_a-puts.o)
                0x000000000800b930                puts
 .text.snprintf
                0x000000000800b940       0x68 C:/ST/STM32CubeIDE_1.13.2/STM32CubeIDE/plugins/com.st.stm32cube.ide.mcu.externaltools.gnu-tools-for-stm32.11.3.rel1.win32_1.1.1.202309131626/tools/bin/../lib/gcc/arm-none-eabi/11.3.1/../../../../arm-none-eabi/lib/thumb/v7e-m+fp/hard\libc_nano.a(libc_a-snprintf.o)
                0x000000000800b940                sniprintf
                0x000000000800b940                snprintf
 .text.sprintf  0x000000000800b9a8       0x40 C:/ST/STM32CubeIDE_1.13.2/STM32CubeIDE/plugins/com.st.stm32cube.ide.mcu.externaltools.gnu-tools-for-stm32.11.3.rel1.win32_1.1.1.202309131626/tools/bin/../lib/gcc/arm-none-eabi/11.3.1/../../../../arm-none-eabi/lib/thumb/v7e-m+fp/hard\libc_nano.a(libc_a-sprintf.o)
                0x000000000800b9a8                siprintf
                0x000000000800b9a8                sprintf
 .text.__sread  0x000000000800b9e8       0x22 C:/ST/STM32CubeIDE_1.13.2/STM32CubeIDE/plugins/com.st.stm32cube.ide.mcu.externaltools.gnu-tools-for-stm32.11.3.rel1.win32_1.1.1.202309131626/tools/bin/../lib/gcc/arm-none-eabi/11.3.1/../../../../arm-none-eabi/lib/thumb/v7e-m+fp/hard\libc_nano.a(libc_a-stdio.o)
                0x000000000800b9e8                __sread
 .text.__swrite
                0x000000000800ba0a       0x38 C:/ST/STM32CubeIDE_1.13.2/STM32CubeIDE/plugins/com.st.stm32cube.ide.mcu.externaltools.gnu-tools-for-stm32.11.3.rel1.win32_1.1.1.202309131626/tools/bin/../lib/gcc/arm-none-eabi/11.3.1/../../../../arm-none-eabi/lib/thumb/v7e-m+fp/hard\libc_nano.a(libc_a-stdio.o)
                0x000000000800ba0a                __swrite
 .text.__sseek  0x000000000800ba42       0x24 C:/ST/STM32CubeIDE_1.13.2/STM32CubeIDE/plugins/com.st.stm32cube.ide.mcu.externaltools.gnu-tools-for-stm32.11.3.rel1.win32_1.1.1.202309131626/tools/bin/../lib/gcc/arm-none-eabi/11.3.1/../../../../arm-none-eabi/lib/thumb/v7e-m+fp/hard\libc_nano.a(libc_a-stdio.o)
                0x000000000800ba42                __sseek
 .text.__sclose
                0x000000000800ba66        0x8 C:/ST/STM32CubeIDE_1.13.2/STM32CubeIDE/plugins/com.st.stm32cube.ide.mcu.externaltools.gnu-tools-for-stm32.11.3.rel1.win32_1.1.1.202309131626/tools/bin/../lib/gcc/arm-none-eabi/11.3.1/../../../../arm-none-eabi/lib/thumb/v7e-m+fp/hard\libc_nano.a(libc_a-stdio.o)
                0x000000000800ba66                __sclose
 .text.__swbuf_r
                0x000000000800ba6e       0x7a C:/ST/STM32CubeIDE_1.13.2/STM32CubeIDE/plugins/com.st.stm32cube.ide.mcu.externaltools.gnu-tools-for-stm32.11.3.rel1.win32_1.1.1.202309131626/tools/bin/../lib/gcc/arm-none-eabi/11.3.1/../../../../arm-none-eabi/lib/thumb/v7e-m+fp/hard\libc_nano.a(libc_a-wbuf.o)
                0x000000000800ba6e                __swbuf_r
 .text.__swsetup_r
                0x000000000800bae8       0xb0 C:/ST/STM32CubeIDE_1.13.2/STM32CubeIDE/plugins/com.st.stm32cube.ide.mcu.externaltools.gnu-tools-for-stm32.11.3.rel1.win32_1.1.1.202309131626/tools/bin/../lib/gcc/arm-none-eabi/11.3.1/../../../../arm-none-eabi/lib/thumb/v7e-m+fp/hard\libc_nano.a(libc_a-wsetup.o)
                0x000000000800bae8                __swsetup_r
 .text.memmove  0x000000000800bb98       0x34 C:/ST/STM32CubeIDE_1.13.2/STM32CubeIDE/plugins/com.st.stm32cube.ide.mcu.externaltools.gnu-tools-for-stm32.11.3.rel1.win32_1.1.1.202309131626/tools/bin/../lib/gcc/arm-none-eabi/11.3.1/../../../../arm-none-eabi/lib/thumb/v7e-m+fp/hard\libc_nano.a(libc_a-memmove.o)
                0x000000000800bb98                memmove
 .text.memset   0x000000000800bbcc       0x10 C:/ST/STM32CubeIDE_1.13.2/STM32CubeIDE/plugins/com.st.stm32cube.ide.mcu.externaltools.gnu-tools-for-stm32.11.3.rel1.win32_1.1.1.202309131626/tools/bin/../lib/gcc/arm-none-eabi/11.3.1/../../../../arm-none-eabi/lib/thumb/v7e-m+fp/hard\libc_nano.a(libc_a-memset.o)
                0x000000000800bbcc                memset
 .text.strncat  0x000000000800bbdc       0x26 C:/ST/STM32CubeIDE_1.13.2/STM32CubeIDE/plugins/com.st.stm32cube.ide.mcu.externaltools.gnu-tools-for-stm32.11.3.rel1.win32_1.1.1.202309131626/tools/bin/../lib/gcc/arm-none-eabi/11.3.1/../../../../arm-none-eabi/lib/thumb/v7e-m+fp/hard\libc_nano.a(libc_a-strncat.o)
                0x000000000800bbdc                strncat
 .text.strncpy  0x000000000800bc02       0x26 C:/ST/STM32CubeIDE_1.13.2/STM32CubeIDE/plugins/com.st.stm32cube.ide.mcu.externaltools.gnu-tools-for-stm32.11.3.rel1.win32_1.1.1.202309131626/tools/bin/../lib/gcc/arm-none-eabi/11.3.1/../../../../arm-none-eabi/lib/thumb/v7e-m+fp/hard\libc_nano.a(libc_a-strncpy.o)
                0x000000000800bc02                strncpy
 .text._localeconv_r
                0x000000000800bc28        0x8 C:/ST/STM32CubeIDE_1.13.2/STM32CubeIDE/plugins/com.st.stm32cube.ide.mcu.externaltools.gnu-tools-for-stm32.11.3.rel1.win32_1.1.1.202309131626/tools/bin/../lib/gcc/arm-none-eabi/11.3.1/../../../../arm-none-eabi/lib/thumb/v7e-m+fp/hard\libc_nano.a(libc_a-localeconv.o)
                0x000000000800bc28                _localeconv_r
 .text._close_r
                0x000000000800bc30       0x20 C:/ST/STM32CubeIDE_1.13.2/STM32CubeIDE/plugins/com.st.stm32cube.ide.mcu.externaltools.gnu-tools-for-stm32.11.3.rel1.win32_1.1.1.202309131626/tools/bin/../lib/gcc/arm-none-eabi/11.3.1/../../../../arm-none-eabi/lib/thumb/v7e-m+fp/hard\libc_nano.a(libc_a-closer.o)
                0x000000000800bc30                _close_r
 .text._lseek_r
                0x000000000800bc50       0x24 C:/ST/STM32CubeIDE_1.13.2/STM32CubeIDE/plugins/com.st.stm32cube.ide.mcu.externaltools.gnu-tools-for-stm32.11.3.rel1.win32_1.1.1.202309131626/tools/bin/../lib/gcc/arm-none-eabi/11.3.1/../../../../arm-none-eabi/lib/thumb/v7e-m+fp/hard\libc_nano.a(libc_a-lseekr.o)
                0x000000000800bc50                _lseek_r
 .text._read_r  0x000000000800bc74       0x24 C:/ST/STM32CubeIDE_1.13.2/STM32CubeIDE/plugins/com.st.stm32cube.ide.mcu.externaltools.gnu-tools-for-stm32.11.3.rel1.win32_1.1.1.202309131626/tools/bin/../lib/gcc/arm-none-eabi/11.3.1/../../../../arm-none-eabi/lib/thumb/v7e-m+fp/hard\libc_nano.a(libc_a-readr.o)
                0x000000000800bc74                _read_r
 .text._write_r
                0x000000000800bc98       0x24 C:/ST/STM32CubeIDE_1.13.2/STM32CubeIDE/plugins/com.st.stm32cube.ide.mcu.externaltools.gnu-tools-for-stm32.11.3.rel1.win32_1.1.1.202309131626/tools/bin/../lib/gcc/arm-none-eabi/11.3.1/../../../../arm-none-eabi/lib/thumb/v7e-m+fp/hard\libc_nano.a(libc_a-writer.o)
                0x000000000800bc98                _write_r
 .text.__errno  0x000000000800bcbc        0xc C:/ST/STM32CubeIDE_1.13.2/STM32CubeIDE/plugins/com.st.stm32cube.ide.mcu.externaltools.gnu-tools-for-stm32.11.3.rel1.win32_1.1.1.202309131626/tools/bin/../lib/gcc/arm-none-eabi/11.3.1/../../../../arm-none-eabi/lib/thumb/v7e-m+fp/hard\libc_nano.a(libc_a-errno.o)
                0x000000000800bcbc                __errno
 .text.__libc_init_array
                0x000000000800bcc8       0x48 C:/ST/STM32CubeIDE_1.13.2/STM32CubeIDE/plugins/com.st.stm32cube.ide.mcu.externaltools.gnu-tools-for-stm32.11.3.rel1.win32_1.1.1.202309131626/tools/bin/../lib/gcc/arm-none-eabi/11.3.1/../../../../arm-none-eabi/lib/thumb/v7e-m+fp/hard\libc_nano.a(libc_a-init.o)
                0x000000000800bcc8                __libc_init_array
 .text.__retarget_lock_init_recursive
                0x000000000800bd10        0x2 C:/ST/STM32CubeIDE_1.13.2/STM32CubeIDE/plugins/com.st.stm32cube.ide.mcu.externaltools.gnu-tools-for-stm32.11.3.rel1.win32_1.1.1.202309131626/tools/bin/../lib/gcc/arm-none-eabi/11.3.1/../../../../arm-none-eabi/lib/thumb/v7e-m+fp/hard\libc_nano.a(libc_a-lock.o)
                0x000000000800bd10                __retarget_lock_init_recursive
 .text.__retarget_lock_acquire_recursive
                0x000000000800bd12        0x2 C:/ST/STM32CubeIDE_1.13.2/STM32CubeIDE/plugins/com.st.stm32cube.ide.mcu.externaltools.gnu-tools-for-stm32.11.3.rel1.win32_1.1.1.202309131626/tools/bin/../lib/gcc/arm-none-eabi/11.3.1/../../../../arm-none-eabi/lib/thumb/v7e-m+fp/hard\libc_nano.a(libc_a-lock.o)
                0x000000000800bd12                __retarget_lock_acquire_recursive
 .text.__retarget_lock_release_recursive
                0x000000000800bd14        0x2 C:/ST/STM32CubeIDE_1.13.2/STM32CubeIDE/plugins/com.st.stm32cube.ide.mcu.externaltools.gnu-tools-for-stm32.11.3.rel1.win32_1.1.1.202309131626/tools/bin/../lib/gcc/arm-none-eabi/11.3.1/../../../../arm-none-eabi/lib/thumb/v7e-m+fp/hard\libc_nano.a(libc_a-lock.o)
                0x000000000800bd14                __retarget_lock_release_recursive
 .text.memcpy   0x000000000800bd16       0x1c C:/ST/STM32CubeIDE_1.13.2/STM32CubeIDE/plugins/com.st.stm32cube.ide.mcu.externaltools.gnu-tools-for-stm32.11.3.rel1.win32_1.1.1.202309131626/tools/bin/../lib/gcc/arm-none-eabi/11.3.1/../../../../arm-none-eabi/lib/thumb/v7e-m+fp/hard\libc_nano.a(libc_a-memcpy-stub.o)
                0x000000000800bd16                memcpy
 .text.quorem   0x000000000800bd32      0x110 C:/ST/STM32CubeIDE_1.13.2/STM32CubeIDE/plugins/com.st.stm32cube.ide.mcu.externaltools.gnu-tools-for-stm32.11.3.rel1.win32_1.1.1.202309131626/tools/bin/../lib/gcc/arm-none-eabi/11.3.1/../../../../arm-none-eabi/lib/thumb/v7e-m+fp/hard\libc_nano.a(libc_a-dtoa.o)
 *fill*         0x000000000800be42        0x6 
 .text._dtoa_r  0x000000000800be48      0xbe4 C:/ST/STM32CubeIDE_1.13.2/STM32CubeIDE/plugins/com.st.stm32cube.ide.mcu.externaltools.gnu-tools-for-stm32.11.3.rel1.win32_1.1.1.202309131626/tools/bin/../lib/gcc/arm-none-eabi/11.3.1/../../../../arm-none-eabi/lib/thumb/v7e-m+fp/hard\libc_nano.a(libc_a-dtoa.o)
                0x000000000800be48                _dtoa_r
 .text._free_r  0x000000000800ca2c       0x98 C:/ST/STM32CubeIDE_1.13.2/STM32CubeIDE/plugins/com.st.stm32cube.ide.mcu.externaltools.gnu-tools-for-stm32.11.3.rel1.win32_1.1.1.202309131626/tools/bin/../lib/gcc/arm-none-eabi/11.3.1/../../../../arm-none-eabi/lib/thumb/v7e-m+fp/hard\libc_nano.a(libc_a-freer.o)
                0x000000000800ca2c                _free_r
 .text.malloc   0x000000000800cac4       0x10 C:/ST/STM32CubeIDE_1.13.2/STM32CubeIDE/plugins/com.st.stm32cube.ide.mcu.externaltools.gnu-tools-for-stm32.11.3.rel1.win32_1.1.1.202309131626/tools/bin/../lib/gcc/arm-none-eabi/11.3.1/../../../../arm-none-eabi/lib/thumb/v7e-m+fp/hard\libc_nano.a(libc_a-malloc.o)
                0x000000000800cac4                malloc
 .text.sbrk_aligned
                0x000000000800cad4       0x40 C:/ST/STM32CubeIDE_1.13.2/STM32CubeIDE/plugins/com.st.stm32cube.ide.mcu.externaltools.gnu-tools-for-stm32.11.3.rel1.win32_1.1.1.202309131626/tools/bin/../lib/gcc/arm-none-eabi/11.3.1/../../../../arm-none-eabi/lib/thumb/v7e-m+fp/hard\libc_nano.a(libc_a-mallocr.o)
 .text._malloc_r
                0x000000000800cb14      0x100 C:/ST/STM32CubeIDE_1.13.2/STM32CubeIDE/plugins/com.st.stm32cube.ide.mcu.externaltools.gnu-tools-for-stm32.11.3.rel1.win32_1.1.1.202309131626/tools/bin/../lib/gcc/arm-none-eabi/11.3.1/../../../../arm-none-eabi/lib/thumb/v7e-m+fp/hard\libc_nano.a(libc_a-mallocr.o)
                0x000000000800cb14                _malloc_r
 .text.__malloc_lock
                0x000000000800cc14        0xc C:/ST/STM32CubeIDE_1.13.2/STM32CubeIDE/plugins/com.st.stm32cube.ide.mcu.externaltools.gnu-tools-for-stm32.11.3.rel1.win32_1.1.1.202309131626/tools/bin/../lib/gcc/arm-none-eabi/11.3.1/../../../../arm-none-eabi/lib/thumb/v7e-m+fp/hard\libc_nano.a(libc_a-mlock.o)
                0x000000000800cc14                __malloc_lock
 .text.__malloc_unlock
                0x000000000800cc20        0xc C:/ST/STM32CubeIDE_1.13.2/STM32CubeIDE/plugins/com.st.stm32cube.ide.mcu.externaltools.gnu-tools-for-stm32.11.3.rel1.win32_1.1.1.202309131626/tools/bin/../lib/gcc/arm-none-eabi/11.3.1/../../../../arm-none-eabi/lib/thumb/v7e-m+fp/hard\libc_nano.a(libc_a-mlock.o)
                0x000000000800cc20                __malloc_unlock
 .text._Balloc  0x000000000800cc2c       0x80 C:/ST/STM32CubeIDE_1.13.2/STM32CubeIDE/plugins/com.st.stm32cube.ide.mcu.externaltools.gnu-tools-for-stm32.11.3.rel1.win32_1.1.1.202309131626/tools/bin/../lib/gcc/arm-none-eabi/11.3.1/../../../../arm-none-eabi/lib/thumb/v7e-m+fp/hard\libc_nano.a(libc_a-mprec.o)
                0x000000000800cc2c                _Balloc
 .text._Bfree   0x000000000800ccac       0x44 C:/ST/STM32CubeIDE_1.13.2/STM32CubeIDE/plugins/com.st.stm32cube.ide.mcu.externaltools.gnu-tools-for-stm32.11.3.rel1.win32_1.1.1.202309131626/tools/bin/../lib/gcc/arm-none-eabi/11.3.1/../../../../arm-none-eabi/lib/thumb/v7e-m+fp/hard\libc_nano.a(libc_a-mprec.o)
                0x000000000800ccac                _Bfree
 .text.__multadd
                0x000000000800ccf0       0x8c C:/ST/STM32CubeIDE_1.13.2/STM32CubeIDE/plugins/com.st.stm32cube.ide.mcu.externaltools.gnu-tools-for-stm32.11.3.rel1.win32_1.1.1.202309131626/tools/bin/../lib/gcc/arm-none-eabi/11.3.1/../../../../arm-none-eabi/lib/thumb/v7e-m+fp/hard\libc_nano.a(libc_a-mprec.o)
                0x000000000800ccf0                __multadd
 .text.__hi0bits
                0x000000000800cd7c       0x40 C:/ST/STM32CubeIDE_1.13.2/STM32CubeIDE/plugins/com.st.stm32cube.ide.mcu.externaltools.gnu-tools-for-stm32.11.3.rel1.win32_1.1.1.202309131626/tools/bin/../lib/gcc/arm-none-eabi/11.3.1/../../../../arm-none-eabi/lib/thumb/v7e-m+fp/hard\libc_nano.a(libc_a-mprec.o)
                0x000000000800cd7c                __hi0bits
 .text.__lo0bits
                0x000000000800cdbc       0x5a C:/ST/STM32CubeIDE_1.13.2/STM32CubeIDE/plugins/com.st.stm32cube.ide.mcu.externaltools.gnu-tools-for-stm32.11.3.rel1.win32_1.1.1.202309131626/tools/bin/../lib/gcc/arm-none-eabi/11.3.1/../../../../arm-none-eabi/lib/thumb/v7e-m+fp/hard\libc_nano.a(libc_a-mprec.o)
                0x000000000800cdbc                __lo0bits
 *fill*         0x000000000800ce16        0x2 
 .text.__i2b    0x000000000800ce18       0x2c C:/ST/STM32CubeIDE_1.13.2/STM32CubeIDE/plugins/com.st.stm32cube.ide.mcu.externaltools.gnu-tools-for-stm32.11.3.rel1.win32_1.1.1.202309131626/tools/bin/../lib/gcc/arm-none-eabi/11.3.1/../../../../arm-none-eabi/lib/thumb/v7e-m+fp/hard\libc_nano.a(libc_a-mprec.o)
                0x000000000800ce18                __i2b
 .text.__multiply
                0x000000000800ce44      0x154 C:/ST/STM32CubeIDE_1.13.2/STM32CubeIDE/plugins/com.st.stm32cube.ide.mcu.externaltools.gnu-tools-for-stm32.11.3.rel1.win32_1.1.1.202309131626/tools/bin/../lib/gcc/arm-none-eabi/11.3.1/../../../../arm-none-eabi/lib/thumb/v7e-m+fp/hard\libc_nano.a(libc_a-mprec.o)
                0x000000000800ce44                __multiply
 .text.__pow5mult
                0x000000000800cf98       0xb4 C:/ST/STM32CubeIDE_1.13.2/STM32CubeIDE/plugins/com.st.stm32cube.ide.mcu.externaltools.gnu-tools-for-stm32.11.3.rel1.win32_1.1.1.202309131626/tools/bin/../lib/gcc/arm-none-eabi/11.3.1/../../../../arm-none-eabi/lib/thumb/v7e-m+fp/hard\libc_nano.a(libc_a-mprec.o)
                0x000000000800cf98                __pow5mult
 .text.__lshift
                0x000000000800d04c       0xd8 C:/ST/STM32CubeIDE_1.13.2/STM32CubeIDE/plugins/com.st.stm32cube.ide.mcu.externaltools.gnu-tools-for-stm32.11.3.rel1.win32_1.1.1.202309131626/tools/bin/../lib/gcc/arm-none-eabi/11.3.1/../../../../arm-none-eabi/lib/thumb/v7e-m+fp/hard\libc_nano.a(libc_a-mprec.o)
                0x000000000800d04c                __lshift
 .text.__mcmp   0x000000000800d124       0x38 C:/ST/STM32CubeIDE_1.13.2/STM32CubeIDE/plugins/com.st.stm32cube.ide.mcu.externaltools.gnu-tools-for-stm32.11.3.rel1.win32_1.1.1.202309131626/tools/bin/../lib/gcc/arm-none-eabi/11.3.1/../../../../arm-none-eabi/lib/thumb/v7e-m+fp/hard\libc_nano.a(libc_a-mprec.o)
                0x000000000800d124                __mcmp
 .text.__mdiff  0x000000000800d15c      0x114 C:/ST/STM32CubeIDE_1.13.2/STM32CubeIDE/plugins/com.st.stm32cube.ide.mcu.externaltools.gnu-tools-for-stm32.11.3.rel1.win32_1.1.1.202309131626/tools/bin/../lib/gcc/arm-none-eabi/11.3.1/../../../../arm-none-eabi/lib/thumb/v7e-m+fp/hard\libc_nano.a(libc_a-mprec.o)
                0x000000000800d15c                __mdiff
 .text.__d2b    0x000000000800d270       0xb4 C:/ST/STM32CubeIDE_1.13.2/STM32CubeIDE/plugins/com.st.stm32cube.ide.mcu.externaltools.gnu-tools-for-stm32.11.3.rel1.win32_1.1.1.202309131626/tools/bin/../lib/gcc/arm-none-eabi/11.3.1/../../../../arm-none-eabi/lib/thumb/v7e-m+fp/hard\libc_nano.a(libc_a-mprec.o)
                0x000000000800d270                __d2b
 .text.__ssputs_r
                0x000000000800d324       0xb4 C:/ST/STM32CubeIDE_1.13.2/STM32CubeIDE/plugins/com.st.stm32cube.ide.mcu.externaltools.gnu-tools-for-stm32.11.3.rel1.win32_1.1.1.202309131626/tools/bin/../lib/gcc/arm-none-eabi/11.3.1/../../../../arm-none-eabi/lib/thumb/v7e-m+fp/hard\libc_nano.a(libc_a-nano-svfprintf.o)
                0x000000000800d324                __ssputs_r
 .text._svfprintf_r
                0x000000000800d3d8      0x1fc C:/ST/STM32CubeIDE_1.13.2/STM32CubeIDE/plugins/com.st.stm32cube.ide.mcu.externaltools.gnu-tools-for-stm32.11.3.rel1.win32_1.1.1.202309131626/tools/bin/../lib/gcc/arm-none-eabi/11.3.1/../../../../arm-none-eabi/lib/thumb/v7e-m+fp/hard\libc_nano.a(libc_a-nano-svfprintf.o)
                0x000000000800d3d8                _svfiprintf_r
                0x000000000800d3d8                _svfprintf_r
 .text.__sflush_r
                0x000000000800d5d4      0x10c C:/ST/STM32CubeIDE_1.13.2/STM32CubeIDE/plugins/com.st.stm32cube.ide.mcu.externaltools.gnu-tools-for-stm32.11.3.rel1.win32_1.1.1.202309131626/tools/bin/../lib/gcc/arm-none-eabi/11.3.1/../../../../arm-none-eabi/lib/thumb/v7e-m+fp/hard\libc_nano.a(libc_a-fflush.o)
                0x000000000800d5d4                __sflush_r
 .text._fflush_r
                0x000000000800d6e0       0x50 C:/ST/STM32CubeIDE_1.13.2/STM32CubeIDE/plugins/com.st.stm32cube.ide.mcu.externaltools.gnu-tools-for-stm32.11.3.rel1.win32_1.1.1.202309131626/tools/bin/../lib/gcc/arm-none-eabi/11.3.1/../../../../arm-none-eabi/lib/thumb/v7e-m+fp/hard\libc_nano.a(libc_a-fflush.o)
                0x000000000800d6e0                _fflush_r
 .text.__swhatbuf_r
                0x000000000800d730       0x4c C:/ST/STM32CubeIDE_1.13.2/STM32CubeIDE/plugins/com.st.stm32cube.ide.mcu.externaltools.gnu-tools-for-stm32.11.3.rel1.win32_1.1.1.202309131626/tools/bin/../lib/gcc/arm-none-eabi/11.3.1/../../../../arm-none-eabi/lib/thumb/v7e-m+fp/hard\libc_nano.a(libc_a-makebuf.o)
                0x000000000800d730                __swhatbuf_r
 .text.__smakebuf_r
                0x000000000800d77c       0x78 C:/ST/STM32CubeIDE_1.13.2/STM32CubeIDE/plugins/com.st.stm32cube.ide.mcu.externaltools.gnu-tools-for-stm32.11.3.rel1.win32_1.1.1.202309131626/tools/bin/../lib/gcc/arm-none-eabi/11.3.1/../../../../arm-none-eabi/lib/thumb/v7e-m+fp/hard\libc_nano.a(libc_a-makebuf.o)
                0x000000000800d77c                __smakebuf_r
 .text._fstat_r
                0x000000000800d7f4       0x24 C:/ST/STM32CubeIDE_1.13.2/STM32CubeIDE/plugins/com.st.stm32cube.ide.mcu.externaltools.gnu-tools-for-stm32.11.3.rel1.win32_1.1.1.202309131626/tools/bin/../lib/gcc/arm-none-eabi/11.3.1/../../../../arm-none-eabi/lib/thumb/v7e-m+fp/hard\libc_nano.a(libc_a-fstatr.o)
                0x000000000800d7f4                _fstat_r
 .text._isatty_r
                0x000000000800d818       0x20 C:/ST/STM32CubeIDE_1.13.2/STM32CubeIDE/plugins/com.st.stm32cube.ide.mcu.externaltools.gnu-tools-for-stm32.11.3.rel1.win32_1.1.1.202309131626/tools/bin/../lib/gcc/arm-none-eabi/11.3.1/../../../../arm-none-eabi/lib/thumb/v7e-m+fp/hard\libc_nano.a(libc_a-isattyr.o)
                0x000000000800d818                _isatty_r
 .text._sbrk_r  0x000000000800d838       0x20 C:/ST/STM32CubeIDE_1.13.2/STM32CubeIDE/plugins/com.st.stm32cube.ide.mcu.externaltools.gnu-tools-for-stm32.11.3.rel1.win32_1.1.1.202309131626/tools/bin/../lib/gcc/arm-none-eabi/11.3.1/../../../../arm-none-eabi/lib/thumb/v7e-m+fp/hard\libc_nano.a(libc_a-sbrkr.o)
                0x000000000800d838                _sbrk_r
 .text.__assert_func
                0x000000000800d858       0x3c C:/ST/STM32CubeIDE_1.13.2/STM32CubeIDE/plugins/com.st.stm32cube.ide.mcu.externaltools.gnu-tools-for-stm32.11.3.rel1.win32_1.1.1.202309131626/tools/bin/../lib/gcc/arm-none-eabi/11.3.1/../../../../arm-none-eabi/lib/thumb/v7e-m+fp/hard\libc_nano.a(libc_a-assert.o)
                0x000000000800d858                __assert_func
 .text._calloc_r
                0x000000000800d894       0x2c C:/ST/STM32CubeIDE_1.13.2/STM32CubeIDE/plugins/com.st.stm32cube.ide.mcu.externaltools.gnu-tools-for-stm32.11.3.rel1.win32_1.1.1.202309131626/tools/bin/../lib/gcc/arm-none-eabi/11.3.1/../../../../arm-none-eabi/lib/thumb/v7e-m+fp/hard\libc_nano.a(libc_a-callocr.o)
                0x000000000800d894                _calloc_r
 .text.__ascii_mbtowc
                0x000000000800d8c0       0x24 C:/ST/STM32CubeIDE_1.13.2/STM32CubeIDE/plugins/com.st.stm32cube.ide.mcu.externaltools.gnu-tools-for-stm32.11.3.rel1.win32_1.1.1.202309131626/tools/bin/../lib/gcc/arm-none-eabi/11.3.1/../../../../arm-none-eabi/lib/thumb/v7e-m+fp/hard\libc_nano.a(libc_a-mbtowc_r.o)
                0x000000000800d8c0                __ascii_mbtowc
 .text._realloc_r
                0x000000000800d8e4       0x5e C:/ST/STM32CubeIDE_1.13.2/STM32CubeIDE/plugins/com.st.stm32cube.ide.mcu.externaltools.gnu-tools-for-stm32.11.3.rel1.win32_1.1.1.202309131626/tools/bin/../lib/gcc/arm-none-eabi/11.3.1/../../../../arm-none-eabi/lib/thumb/v7e-m+fp/hard\libc_nano.a(libc_a-reallocr.o)
                0x000000000800d8e4                _realloc_r
 .text.__ascii_wctomb
                0x000000000800d942       0x1a C:/ST/STM32CubeIDE_1.13.2/STM32CubeIDE/plugins/com.st.stm32cube.ide.mcu.externaltools.gnu-tools-for-stm32.11.3.rel1.win32_1.1.1.202309131626/tools/bin/../lib/gcc/arm-none-eabi/11.3.1/../../../../arm-none-eabi/lib/thumb/v7e-m+fp/hard\libc_nano.a(libc_a-wctomb_r.o)
                0x000000000800d942                __ascii_wctomb
 .text.fprintf  0x000000000800d95c       0x24 C:/ST/STM32CubeIDE_1.13.2/STM32CubeIDE/plugins/com.st.stm32cube.ide.mcu.externaltools.gnu-tools-for-stm32.11.3.rel1.win32_1.1.1.202309131626/tools/bin/../lib/gcc/arm-none-eabi/11.3.1/../../../../arm-none-eabi/lib/thumb/v7e-m+fp/hard\libc_nano.a(libc_a-fprintf.o)
                0x000000000800d95c                fiprintf
                0x000000000800d95c                fprintf
 .text.abort    0x000000000800d980        0xe C:/ST/STM32CubeIDE_1.13.2/STM32CubeIDE/plugins/com.st.stm32cube.ide.mcu.externaltools.gnu-tools-for-stm32.11.3.rel1.win32_1.1.1.202309131626/tools/bin/../lib/gcc/arm-none-eabi/11.3.1/../../../../arm-none-eabi/lib/thumb/v7e-m+fp/hard\libc_nano.a(libc_a-abort.o)
                0x000000000800d980                abort
 .text._malloc_usable_size_r
                0x000000000800d98e       0x10 C:/ST/STM32CubeIDE_1.13.2/STM32CubeIDE/plugins/com.st.stm32cube.ide.mcu.externaltools.gnu-tools-for-stm32.11.3.rel1.win32_1.1.1.202309131626/tools/bin/../lib/gcc/arm-none-eabi/11.3.1/../../../../arm-none-eabi/lib/thumb/v7e-m+fp/hard\libc_nano.a(libc_a-msizer.o)
                0x000000000800d98e                _malloc_usable_size_r
 .text.__sfputc_r
                0x000000000800d99e       0x2e C:/ST/STM32CubeIDE_1.13.2/STM32CubeIDE/plugins/com.st.stm32cube.ide.mcu.externaltools.gnu-tools-for-stm32.11.3.rel1.win32_1.1.1.202309131626/tools/bin/../lib/gcc/arm-none-eabi/11.3.1/../../../../arm-none-eabi/lib/thumb/v7e-m+fp/hard\libc_nano.a(libc_a-nano-vfprintf.o)
 .text.__sfputs_r
                0x000000000800d9cc       0x24 C:/ST/STM32CubeIDE_1.13.2/STM32CubeIDE/plugins/com.st.stm32cube.ide.mcu.externaltools.gnu-tools-for-stm32.11.3.rel1.win32_1.1.1.202309131626/tools/bin/../lib/gcc/arm-none-eabi/11.3.1/../../../../arm-none-eabi/lib/thumb/v7e-m+fp/hard\libc_nano.a(libc_a-nano-vfprintf.o)
                0x000000000800d9cc                __sfputs_r
 .text._vfprintf_r
                0x000000000800d9f0      0x234 C:/ST/STM32CubeIDE_1.13.2/STM32CubeIDE/plugins/com.st.stm32cube.ide.mcu.externaltools.gnu-tools-for-stm32.11.3.rel1.win32_1.1.1.202309131626/tools/bin/../lib/gcc/arm-none-eabi/11.3.1/../../../../arm-none-eabi/lib/thumb/v7e-m+fp/hard\libc_nano.a(libc_a-nano-vfprintf.o)
                0x000000000800d9f0                _vfprintf_r
                0x000000000800d9f0                _vfiprintf_r
 .text._raise_r
                0x000000000800dc24       0x50 C:/ST/STM32CubeIDE_1.13.2/STM32CubeIDE/plugins/com.st.stm32cube.ide.mcu.externaltools.gnu-tools-for-stm32.11.3.rel1.win32_1.1.1.202309131626/tools/bin/../lib/gcc/arm-none-eabi/11.3.1/../../../../arm-none-eabi/lib/thumb/v7e-m+fp/hard\libc_nano.a(libc_a-signal.o)
                0x000000000800dc24                _raise_r
 .text.raise    0x000000000800dc74       0x10 C:/ST/STM32CubeIDE_1.13.2/STM32CubeIDE/plugins/com.st.stm32cube.ide.mcu.externaltools.gnu-tools-for-stm32.11.3.rel1.win32_1.1.1.202309131626/tools/bin/../lib/gcc/arm-none-eabi/11.3.1/../../../../arm-none-eabi/lib/thumb/v7e-m+fp/hard\libc_nano.a(libc_a-signal.o)
                0x000000000800dc74                raise
 .text._kill_r  0x000000000800dc84       0x24 C:/ST/STM32CubeIDE_1.13.2/STM32CubeIDE/plugins/com.st.stm32cube.ide.mcu.externaltools.gnu-tools-for-stm32.11.3.rel1.win32_1.1.1.202309131626/tools/bin/../lib/gcc/arm-none-eabi/11.3.1/../../../../arm-none-eabi/lib/thumb/v7e-m+fp/hard\libc_nano.a(libc_a-signalr.o)
                0x000000000800dc84                _kill_r
 .text._getpid_r
                0x000000000800dca8        0x4 C:/ST/STM32CubeIDE_1.13.2/STM32CubeIDE/plugins/com.st.stm32cube.ide.mcu.externaltools.gnu-tools-for-stm32.11.3.rel1.win32_1.1.1.202309131626/tools/bin/../lib/gcc/arm-none-eabi/11.3.1/../../../../arm-none-eabi/lib/thumb/v7e-m+fp/hard\libc_nano.a(libc_a-signalr.o)
                0x000000000800dca8                _getpid_r
 *(.glue_7)
 .glue_7        0x000000000800dcac        0x0 linker stubs
 *(.glue_7t)
 .glue_7t       0x000000000800dcac        0x0 linker stubs
 *(.eh_frame)
 .eh_frame      0x000000000800dcac        0x0 C:/ST/STM32CubeIDE_1.13.2/STM32CubeIDE/plugins/com.st.stm32cube.ide.mcu.externaltools.gnu-tools-for-stm32.11.3.rel1.win32_1.1.1.202309131626/tools/bin/../lib/gcc/arm-none-eabi/11.3.1/thumb/v7e-m+fp/hard/crtbegin.o
 *(.init)
 .init          0x000000000800dcac        0x4 C:/ST/STM32CubeIDE_1.13.2/STM32CubeIDE/plugins/com.st.stm32cube.ide.mcu.externaltools.gnu-tools-for-stm32.11.3.rel1.win32_1.1.1.202309131626/tools/bin/../lib/gcc/arm-none-eabi/11.3.1/thumb/v7e-m+fp/hard/crti.o
                0x000000000800dcac                _init
 .init          0x000000000800dcb0        0x8 C:/ST/STM32CubeIDE_1.13.2/STM32CubeIDE/plugins/com.st.stm32cube.ide.mcu.externaltools.gnu-tools-for-stm32.11.3.rel1.win32_1.1.1.202309131626/tools/bin/../lib/gcc/arm-none-eabi/11.3.1/thumb/v7e-m+fp/hard/crtn.o
 *(.fini)
 .fini          0x000000000800dcb8        0x4 C:/ST/STM32CubeIDE_1.13.2/STM32CubeIDE/plugins/com.st.stm32cube.ide.mcu.externaltools.gnu-tools-for-stm32.11.3.rel1.win32_1.1.1.202309131626/tools/bin/../lib/gcc/arm-none-eabi/11.3.1/thumb/v7e-m+fp/hard/crti.o
                0x000000000800dcb8                _fini
 .fini          0x000000000800dcbc        0x8 C:/ST/STM32CubeIDE_1.13.2/STM32CubeIDE/plugins/com.st.stm32cube.ide.mcu.externaltools.gnu-tools-for-stm32.11.3.rel1.win32_1.1.1.202309131626/tools/bin/../lib/gcc/arm-none-eabi/11.3.1/thumb/v7e-m+fp/hard/crtn.o
                0x000000000800dcc4                . = ALIGN (0x4)
                0x000000000800dcc4                _etext = .

.vfp11_veneer   0x000000000800dcc4        0x0
 .vfp11_veneer  0x000000000800dcc4        0x0 linker stubs

.v4_bx          0x000000000800dcc4        0x0
 .v4_bx         0x000000000800dcc4        0x0 linker stubs

.iplt           0x000000000800dcc4        0x0
 .iplt          0x000000000800dcc4        0x0 C:/ST/STM32CubeIDE_1.13.2/STM32CubeIDE/plugins/com.st.stm32cube.ide.mcu.externaltools.gnu-tools-for-stm32.11.3.rel1.win32_1.1.1.202309131626/tools/bin/../lib/gcc/arm-none-eabi/11.3.1/thumb/v7e-m+fp/hard/crtbegin.o

.rodata         0x000000000800dcc8     0x22f4
                0x000000000800dcc8                . = ALIGN (0x4)
 *(.rodata)
 .rodata        0x000000000800dcc8       0x26 ./Core/Src/adc.o
 *fill*         0x000000000800dcee        0x2 
 .rodata        0x000000000800dcf0       0x7b ./Core/Src/main.o
 *fill*         0x000000000800dd6b        0x1 
 .rodata        0x000000000800dd6c      0x223 ./Core/Src/menu.o
 *fill*         0x000000000800df8f        0x1 
 .rodata        0x000000000800df90       0x11 ./Core/Src/save.o
 *fill*         0x000000000800dfa1        0x3 
 .rodata        0x000000000800dfa4      0x1d6 ./Core/Src/sd.o
 *(.rodata*)
 *fill*         0x000000000800e17a        0x2 
 .rodata.AHBPrescTable
                0x000000000800e17c       0x10 ./Core/Src/system_stm32f4xx.o
                0x000000000800e17c                AHBPrescTable
 .rodata.APBPrescTable
                0x000000000800e18c        0x8 ./Core/Src/system_stm32f4xx.o
                0x000000000800e18c                APBPrescTable
 .rodata.Font7x10
                0x000000000800e194      0x76c ./Drivers/OLED/ssd1306_fonts.o
 .rodata.Font11x18
                0x000000000800e900      0xd5c ./Drivers/OLED/ssd1306_fonts.o
 .rodata.Font6x8
                0x000000000800f65c      0x5f0 ./Drivers/OLED/ssd1306_fonts.o
 .rodata._printf_float.str1.1
                0x000000000800fc4c       0x12 C:/ST/STM32CubeIDE_1.13.2/STM32CubeIDE/plugins/com.st.stm32cube.ide.mcu.externaltools.gnu-tools-for-stm32.11.3.rel1.win32_1.1.1.202309131626/tools/bin/../lib/gcc/arm-none-eabi/11.3.1/../../../../arm-none-eabi/lib/thumb/v7e-m+fp/hard\libc_nano.a(libc_a-nano-vfprintf_float.o)
 .rodata._printf_i.str1.1
                0x000000000800fc5e       0x22 C:/ST/STM32CubeIDE_1.13.2/STM32CubeIDE/plugins/com.st.stm32cube.ide.mcu.externaltools.gnu-tools-for-stm32.11.3.rel1.win32_1.1.1.202309131626/tools/bin/../lib/gcc/arm-none-eabi/11.3.1/../../../../arm-none-eabi/lib/thumb/v7e-m+fp/hard\libc_nano.a(libc_a-nano-vfprintf_i.o)
 .rodata._dtoa_r.str1.1
                0x000000000800fc80       0x8d C:/ST/STM32CubeIDE_1.13.2/STM32CubeIDE/plugins/com.st.stm32cube.ide.mcu.externaltools.gnu-tools-for-stm32.11.3.rel1.win32_1.1.1.202309131626/tools/bin/../lib/gcc/arm-none-eabi/11.3.1/../../../../arm-none-eabi/lib/thumb/v7e-m+fp/hard\libc_nano.a(libc_a-dtoa.o)
                                         0x8f (size before relaxing)
 .rodata._Balloc.str1.1
                0x000000000800fd0d       0x59 C:/ST/STM32CubeIDE_1.13.2/STM32CubeIDE/plugins/com.st.stm32cube.ide.mcu.externaltools.gnu-tools-for-stm32.11.3.rel1.win32_1.1.1.202309131626/tools/bin/../lib/gcc/arm-none-eabi/11.3.1/../../../../arm-none-eabi/lib/thumb/v7e-m+fp/hard\libc_nano.a(libc_a-mprec.o)
                                         0x70 (size before relaxing)
 .rodata.__multadd.str1.1