../Core/Src/ds18b20.c:22:6:displayAddress	24	static
../Core/Src/ds18b20.c:48:7:getValueDs1	40	static
../Core/Src/ds18b20.c:73:7:getValueDs2	40	static
../Core/Src/ds18b20.c:98:7:getValueDs3	40	static
../Core/Src/ds18b20.c:121:6:ds18_init	16	static
../Core/Src/ds18b20.c:126:6:delay_us	16	static
../Core/Src/ds18b20.c:132:6:oneWireReset	8	static
../Core/Src/ds18b20.c:143:6:bitWrite	16	static
../Core/Src/ds18b20.c:159:5:bitRead	16	static
../Core/Src/ds18b20.c:171:6:oneWireWrite	24	static
../Core/Src/ds18b20.c:181:9:oneWireRead	16	static
