../Core/Src/main.c:104:6:send_uart	24	static
../Core/Src/main.c:109:6:HAL_TIM_PeriodElapsedCallback	16	static
../Core/Src/main.c:119:6:HAL_TIM_OC_DelayElapsedCallback	24	static
../Core/Src/main.c:154:6:HAL_GPIO_EXTI_Callback	16	static
../Core/Src/main.c:161:6:isClicked	4	static
../Core/Src/main.c:171:6:send_uart_uint32	40	static
../Core/Src/main.c:177:6:send_uart_float	48	static
../Core/Src/main.c:184:7:getRtcString	120	static
../Core/Src/main.c:205:5:main	16	static
../Core/Src/main.c:323:6:SystemClock_Config	88	static
../Core/Src/main.c:371:13:MX_ADC1_Init	24	static
../Core/Src/main.c:423:13:MX_I2C1_Init	8	static
../Core/Src/main.c:457:13:MX_I2C2_Init	8	static
../Core/Src/main.c:491:13:MX_RTC_Init	32	static
../Core/Src/main.c:554:13:MX_SPI1_Init	8	static
../Core/Src/main.c:592:13:MX_TIM1_Init	56	static
../Core/Src/main.c:642:13:MX_TIM2_Init	64	static
../Core/Src/main.c:715:13:MX_TIM10_Init	8	static
../Core/Src/main.c:746:13:MX_TIM11_Init	8	static
../Core/Src/main.c:777:13:MX_USART6_UART_Init	8	static
../Core/Src/main.c:810:13:MX_GPIO_Init	40	static
../Core/Src/main.c:878:6:Error_Handler	8	static,ignoring_inline_asm
