../Core/Src/main.c:101:6:send_uart	24	static
../Core/Src/main.c:106:6:HAL_TIM_PeriodElapsedCallback	16	static
../Core/Src/main.c:116:6:HAL_TIM_OC_DelayElapsedCallback	24	static
../Core/Src/main.c:159:6:HAL_GPIO_EXTI_Callback	16	static
../Core/Src/main.c:166:6:isClicked	4	static
../Core/Src/main.c:176:6:send_uart_uint32	40	static
../Core/Src/main.c:190:5:main	16	static
../Core/Src/main.c:306:6:SystemClock_Config	88	static
../Core/Src/main.c:353:13:MX_ADC1_Init	24	static
../Core/Src/main.c:414:13:MX_I2C1_Init	8	static
../Core/Src/main.c:448:13:MX_I2C2_Init	8	static
../Core/Src/main.c:482:13:MX_SPI1_Init	8	static
../Core/Src/main.c:520:13:MX_TIM1_Init	56	static
../Core/Src/main.c:570:13:MX_TIM2_Init	64	static
../Core/Src/main.c:643:13:MX_TIM10_Init	8	static
../Core/Src/main.c:674:13:MX_TIM11_Init	8	static
../Core/Src/main.c:705:13:MX_USART6_UART_Init	8	static
../Core/Src/main.c:738:13:MX_GPIO_Init	48	static
../Core/Src/main.c:817:6:Error_Handler	4	static,ignoring_inline_asm
