../Core/Src/main.c:104:6:send_uart	24	static
../Core/Src/main.c:109:6:HAL_TIM_PeriodElapsedCallback	16	static
../Core/Src/main.c:119:6:HAL_TIM_OC_DelayElapsedCallback	24	static
../Core/Src/main.c:162:6:HAL_GPIO_EXTI_Callback	16	static
../Core/Src/main.c:169:6:isClicked	4	static
../Core/Src/main.c:179:6:send_uart_uint32	40	static
../Core/Src/main.c:193:5:main	16	static
../Core/Src/main.c:320:6:SystemClock_Config	88	static
../Core/Src/main.c:368:13:MX_ADC1_Init	24	static
../Core/Src/main.c:429:13:MX_I2C1_Init	8	static
../Core/Src/main.c:463:13:MX_I2C2_Init	8	static
../Core/Src/main.c:497:13:MX_RTC_Init	32	static
../Core/Src/main.c:560:13:MX_SPI1_Init	8	static
../Core/Src/main.c:598:13:MX_TIM1_Init	56	static
../Core/Src/main.c:648:13:MX_TIM2_Init	64	static
../Core/Src/main.c:721:13:MX_TIM10_Init	8	static
../Core/Src/main.c:752:13:MX_TIM11_Init	8	static
../Core/Src/main.c:783:13:MX_USART6_UART_Init	8	static
../Core/Src/main.c:816:13:MX_GPIO_Init	48	static
../Core/Src/main.c:886:6:Error_Handler	4	static,ignoring_inline_asm
