../Core/Src/main.c:104:6:send_uart	24	static
../Core/Src/main.c:109:6:HAL_TIM_PeriodElapsedCallback	16	static
../Core/Src/main.c:118:6:HAL_TIM_OC_DelayElapsedCallback	24	static
../Core/Src/main.c:149:6:HAL_GPIO_EXTI_Callback	16	static
../Core/Src/main.c:156:6:isClicked	4	static
../Core/Src/main.c:166:6:send_uart_uint32	40	static
../Core/Src/main.c:172:6:send_uart_float	48	static
../Core/Src/main.c:179:7:getRtcString	120	static
../Core/Src/main.c:211:5:main	2184	static
../Core/Src/main.c:355:6:SystemClock_Config	88	static
../Core/Src/main.c:403:13:MX_ADC1_Init	24	static
../Core/Src/main.c:455:13:MX_I2C1_Init	8	static
../Core/Src/main.c:489:13:MX_I2C2_Init	8	static
../Core/Src/main.c:523:13:MX_RTC_Init	32	static
../Core/Src/main.c:586:13:MX_SPI1_Init	8	static
../Core/Src/main.c:624:13:MX_TIM1_Init	56	static
../Core/Src/main.c:674:13:MX_TIM2_Init	64	static
../Core/Src/main.c:747:13:MX_TIM10_Init	8	static
../Core/Src/main.c:778:13:MX_TIM11_Init	8	static
../Core/Src/main.c:809:13:MX_USART6_UART_Init	8	static
../Core/Src/main.c:842:13:MX_GPIO_Init	40	static
../Core/Src/main.c:910:6:Error_Handler	8	static,ignoring_inline_asm
