../Core/Src/main.c:101:6:send_uart	24	static
../Core/Src/main.c:106:6:HAL_TIM_PeriodElapsedCallback	16	static
../Core/Src/main.c:115:6:HAL_TIM_OC_DelayElapsedCallback	24	static
../Core/Src/main.c:158:6:HAL_GPIO_EXTI_Callback	16	static
../Core/Src/main.c:165:6:isClicked	4	static
../Core/Src/main.c:175:6:send_uart_uint32	40	static
../Core/Src/main.c:190:5:main	16	static
../Core/Src/main.c:301:6:SystemClock_Config	88	static
../Core/Src/main.c:348:13:MX_ADC1_Init	24	static
../Core/Src/main.c:409:13:MX_I2C1_Init	8	static
../Core/Src/main.c:443:13:MX_I2C2_Init	8	static
../Core/Src/main.c:477:13:MX_SPI1_Init	8	static
../Core/Src/main.c:515:13:MX_TIM1_Init	56	static
../Core/Src/main.c:565:13:MX_TIM2_Init	64	static
../Core/Src/main.c:638:13:MX_TIM10_Init	8	static
../Core/Src/main.c:669:13:MX_TIM11_Init	8	static
../Core/Src/main.c:700:13:MX_USART6_UART_Init	8	static
../Core/Src/main.c:733:13:MX_GPIO_Init	48	static
../Core/Src/main.c:812:6:Error_Handler	4	static,ignoring_inline_asm
