../Core/Src/main.c:96:6:HAL_TIM_PeriodElapsedCallback	16	static
../Core/Src/main.c:105:6:HAL_TIM_OC_DelayElapsedCallback	24	static
../Core/Src/main.c:136:6:DWT_Init	4	static
../Core/Src/main.c:148:6:HAL_GPIO_EXTI_Callback	16	static
../Core/Src/main.c:155:6:isClicked	4	static
../Core/Src/main.c:173:5:main	32	static
../Core/Src/main.c:275:6:SystemClock_Config	88	static
../Core/Src/main.c:322:13:MX_ADC1_Init	24	static
../Core/Src/main.c:383:13:MX_I2C1_Init	8	static
../Core/Src/main.c:417:13:MX_I2C2_Init	8	static
../Core/Src/main.c:451:13:MX_SPI1_Init	8	static
../Core/Src/main.c:489:13:MX_TIM1_Init	56	static
../Core/Src/main.c:539:13:MX_TIM2_Init	64	static
../Core/Src/main.c:612:13:MX_TIM10_Init	8	static
../Core/Src/main.c:643:13:MX_TIM11_Init	8	static
../Core/Src/main.c:674:13:MX_USART6_UART_Init	8	static
../Core/Src/main.c:707:13:MX_GPIO_Init	40	static
../Core/Src/main.c:785:6:Error_Handler	4	static,ignoring_inline_asm
