../Core/Src/menu.c:22:6:huart_ds_init	16	static
../Core/Src/menu.c:26:6:sendRtcHandler	16	static
../Core/Src/menu.c:30:6:backButton	16	static
../Core/Src/menu.c:40:6:listAllItemsFromMenu	32	static
../Core/Src/menu.c:51:6:drawMainMenu	24	static
../Core/Src/menu.c:64:6:drawSensorConfig	16	static
../Core/Src/menu.c:73:6:drawSdConfig	16	static
../Core/Src/menu.c:111:6:drawSensorConfigAdcExt	16	static
../Core/Src/menu.c:116:6:drawSensorConfigAdcInt	16	static
../Core/Src/menu.c:121:6:drawSensorConfigDS18	16	static
../Core/Src/menu.c:163:6:drawSensorOptions	40	static
../Core/Src/menu.c:194:6:drawSensorConfigGeneric	16	static
../Core/Src/menu.c:203:6:ch1Enable	16	static
../Core/Src/menu.c:221:6:ch2Enable	16	static
../Core/Src/menu.c:240:6:ch3Enable	16	static
../Core/Src/menu.c:260:6:ch4Enable	16	static
../Core/Src/menu.c:280:6:debugAdcInt	56	static
../Core/Src/menu.c:302:6:debugAdcExt	56	static
../Core/Src/menu.c:320:6:testAllSensors	24	static
../Core/Src/menu.c:329:6:drawOnoffMeasure	56	static
../Core/Src/menu.c:446:6:displayMenu	8	static
