../Core/Src/menu.c:26:6:huart_ds_init	16	static
../Core/Src/menu.c:30:6:sendRtcHandler	16	static
../Core/Src/menu.c:35:6:backButton	16	static
../Core/Src/menu.c:46:6:listAllItemsFromMenu	32	static
../Core/Src/menu.c:62:6:drawMainMenu	16	static
../Core/Src/menu.c:70:6:drawSensorConfig	16	static
../Core/Src/menu.c:83:6:drawSdConfig	16	static
../Core/Src/menu.c:142:6:drawSensorConfigAdcExt	16	static
../Core/Src/menu.c:147:6:drawSensorConfigAdcInt	16	static
../Core/Src/menu.c:152:6:drawSensorConfigDS18	16	static
../Core/Src/menu.c:158:6:drawDs18	16	static
../Core/Src/menu.c:225:6:drawSensorOptions	40	static
../Core/Src/menu.c:256:6:drawSensorConfigGeneric	16	static
../Core/Src/menu.c:265:6:ch1Enable	16	static
../Core/Src/menu.c:281:6:ch2Enable	16	static
../Core/Src/menu.c:296:6:ch3Enable	16	static
../Core/Src/menu.c:311:6:ch4Enable	16	static
../Core/Src/menu.c:328:6:debugAdcInt	56	static
../Core/Src/menu.c:347:6:debugAdcExt	56	static
../Core/Src/menu.c:371:6:debugDs18	56	static
../Core/Src/menu.c:406:6:testAllSensors	24	static
../Core/Src/menu.c:418:6:drawOnoffMeasure	24	static
../Core/Src/menu.c:558:6:displayMenu	8	static
