../Core/Src/menu.c:18:6:huart_ds_init	16	static
../Core/Src/menu.c:22:6:backButton	16	static
../Core/Src/menu.c:31:6:listAllItemsFromMenu	32	static
../Core/Src/menu.c:42:6:drawMainMenu	24	static
../Core/Src/menu.c:53:6:drawSensorConfig	16	static
../Core/Src/menu.c:61:6:drawSdConfig	16	static
../Core/Src/menu.c:88:6:drawOnoffMeasure	40	static
../Core/Src/menu.c:103:6:drawSensorConfigAdcExt	16	static
../Core/Src/menu.c:108:6:drawSensorConfigAdcInt	16	static
../Core/Src/menu.c:113:6:drawSensorConfigDS18	16	static
../Core/Src/menu.c:144:6:drawSensorOptions	40	static
../Core/Src/menu.c:175:6:drawSensorConfigGeneric	16	static
../Core/Src/menu.c:235:6:displayMenu	8	static
