../Core/Src/menu.c:23:6:huart_ds_init	16	static
../Core/Src/menu.c:27:6:sendRtcHandler	16	static
../Core/Src/menu.c:31:6:backButton	16	static
../Core/Src/menu.c:40:6:listAllItemsFromMenu	32	static
../Core/Src/menu.c:51:6:drawMainMenu	16	static
../Core/Src/menu.c:59:6:drawSensorConfig	16	static
../Core/Src/menu.c:70:6:drawSdConfig	16	static
../Core/Src/menu.c:116:6:drawSensorConfigAdcExt	16	static
../Core/Src/menu.c:121:6:drawSensorConfigAdcInt	16	static
../Core/Src/menu.c:126:6:drawSensorConfigDS18	16	static
../Core/Src/menu.c:167:6:drawSensorOptions	40	static
../Core/Src/menu.c:198:6:drawSensorConfigGeneric	16	static
../Core/Src/menu.c:207:6:ch1Enable	16	static
../Core/Src/menu.c:223:6:ch2Enable	16	static
../Core/Src/menu.c:238:6:ch3Enable	16	static
../Core/Src/menu.c:253:6:ch4Enable	16	static
../Core/Src/menu.c:269:6:debugAdcInt	56	static
../Core/Src/menu.c:291:6:debugAdcExt	56	static
../Core/Src/menu.c:310:6:testAllSensors	24	static
../Core/Src/menu.c:321:6:drawOnoffMeasure	24	static
../Core/Src/menu.c:452:6:displayMenu	8	static
