../Core/Src/menu.c:22:6:huart_ds_init	16	static
../Core/Src/menu.c:26:6:sendRtcHandler	16	static
../Core/Src/menu.c:30:6:backButton	16	static
../Core/Src/menu.c:40:6:listAllItemsFromMenu	32	static
../Core/Src/menu.c:51:6:drawMainMenu	24	static
../Core/Src/menu.c:64:6:drawSensorConfig	16	static
../Core/Src/menu.c:72:6:drawSdConfig	16	static
../Core/Src/menu.c:102:6:drawSensorConfigAdcExt	16	static
../Core/Src/menu.c:107:6:drawSensorConfigAdcInt	16	static
../Core/Src/menu.c:112:6:drawSensorConfigDS18	16	static
../Core/Src/menu.c:154:6:drawSensorOptions	40	static
../Core/Src/menu.c:185:6:drawSensorConfigGeneric	16	static
../Core/Src/menu.c:193:6:ch1Enable	16	static
../Core/Src/menu.c:206:6:ch2Enable	16	static
../Core/Src/menu.c:216:6:ch3Enable	16	static
../Core/Src/menu.c:224:6:ch4Enable	16	static
../Core/Src/menu.c:236:6:drawOnoffMeasure	80	static
../Core/Src/menu.c:360:6:displayMenu	8	static
