../Core/Src/menu.c:23:6:huart_ds_init	16	static
../Core/Src/menu.c:27:6:sendRtcHandler	16	static
../Core/Src/menu.c:31:6:backButton	16	static
../Core/Src/menu.c:41:6:listAllItemsFromMenu	32	static
../Core/Src/menu.c:52:6:drawMainMenu	24	static
../Core/Src/menu.c:65:6:drawSensorConfig	16	static
../Core/Src/menu.c:76:6:drawSdConfig	16	static
../Core/Src/menu.c:129:6:drawSensorConfigAdcExt	16	static
../Core/Src/menu.c:134:6:drawSensorConfigAdcInt	16	static
../Core/Src/menu.c:139:6:drawSensorConfigDS18	16	static
../Core/Src/menu.c:181:6:drawSensorOptions	40	static
../Core/Src/menu.c:212:6:drawSensorConfigGeneric	16	static
../Core/Src/menu.c:221:6:ch1Enable	16	static
../Core/Src/menu.c:239:6:ch2Enable	16	static
../Core/Src/menu.c:258:6:ch3Enable	16	static
../Core/Src/menu.c:276:6:ch4Enable	16	static
../Core/Src/menu.c:292:6:debugAdcInt	56	static
../Core/Src/menu.c:314:6:debugAdcExt	56	static
../Core/Src/menu.c:332:6:testAllSensors	24	static
../Core/Src/menu.c:343:6:drawOnoffMeasure	24	static
../Core/Src/menu.c:506:6:displayMenu	8	static
