../Core/Src/menu.c:23:6:huart_ds_init	16	static
../Core/Src/menu.c:27:6:sendRtcHandler	16	static
../Core/Src/menu.c:31:6:backButton	16	static
../Core/Src/menu.c:41:6:listAllItemsFromMenu	32	static
../Core/Src/menu.c:52:6:drawMainMenu	24	static
../Core/Src/menu.c:65:6:drawSensorConfig	16	static
../Core/Src/menu.c:76:6:drawSdConfig	16	static
../Core/Src/menu.c:127:6:drawSensorConfigAdcExt	16	static
../Core/Src/menu.c:132:6:drawSensorConfigAdcInt	16	static
../Core/Src/menu.c:137:6:drawSensorConfigDS18	16	static
../Core/Src/menu.c:179:6:drawSensorOptions	40	static
../Core/Src/menu.c:210:6:drawSensorConfigGeneric	16	static
../Core/Src/menu.c:219:6:ch1Enable	16	static
../Core/Src/menu.c:237:6:ch2Enable	16	static
../Core/Src/menu.c:256:6:ch3Enable	16	static
../Core/Src/menu.c:274:6:ch4Enable	16	static
../Core/Src/menu.c:290:6:debugAdcInt	56	static
../Core/Src/menu.c:312:6:debugAdcExt	56	static
../Core/Src/menu.c:330:6:testAllSensors	24	static
../Core/Src/menu.c:341:6:drawOnoffMeasure	24	static
../Core/Src/menu.c:499:6:displayMenu	8	static
