../Core/Src/menu.c:20:6:huart_ds_init	16	static
../Core/Src/menu.c:24:6:sendRtcHandler	16	static
../Core/Src/menu.c:28:6:backButton	16	static
../Core/Src/menu.c:38:6:listAllItemsFromMenu	32	static
../Core/Src/menu.c:49:6:drawMainMenu	24	static
../Core/Src/menu.c:60:6:drawSensorConfig	16	static
../Core/Src/menu.c:68:6:drawSdConfig	16	static
../Core/Src/menu.c:97:6:drawSensorConfigAdcExt	16	static
../Core/Src/menu.c:102:6:drawSensorConfigAdcInt	16	static
../Core/Src/menu.c:107:6:drawSensorConfigDS18	16	static
../Core/Src/menu.c:134:6:drawSensorOptions	40	static
../Core/Src/menu.c:165:6:drawSensorConfigGeneric	16	static
../Core/Src/menu.c:174:6:ch1Enable	16	static
../Core/Src/menu.c:182:6:ch2Enable	16	static
../Core/Src/menu.c:190:6:ch3Enable	16	static
../Core/Src/menu.c:198:6:ch4Enable	16	static
../Core/Src/menu.c:210:6:drawOnoffMeasure	192	static
../Core/Src/menu.c:307:6:displayMenu	8	static
