../Core/Src/menu.c:18:6:huart_ds_init	16	static
../Core/Src/menu.c:22:6:backButton	16	static
../Core/Src/menu.c:32:6:listAllItemsFromMenu	32	static
../Core/Src/menu.c:43:6:drawMainMenu	24	static
../Core/Src/menu.c:54:6:drawSensorConfig	16	static
../Core/Src/menu.c:62:6:drawSdConfig	16	static
../Core/Src/menu.c:89:6:drawOnoffMeasure	40	static
../Core/Src/menu.c:104:6:drawSensorConfigAdcExt	16	static
../Core/Src/menu.c:109:6:drawSensorConfigAdcInt	16	static
../Core/Src/menu.c:114:6:drawSensorConfigDS18	16	static
../Core/Src/menu.c:141:6:drawSensorOptions	40	static
../Core/Src/menu.c:172:6:drawSensorConfigGeneric	16	static
../Core/Src/menu.c:181:6:ch1Enable	16	static
../Core/Src/menu.c:189:6:ch2Enable	16	static
../Core/Src/menu.c:255:6:displayMenu	8	static
