../Core/Src/menu.c:23:6:huart_ds_init	16	static
../Core/Src/menu.c:27:6:sendRtcHandler	16	static
../Core/Src/menu.c:31:6:backButton	16	static
../Core/Src/menu.c:40:6:listAllItemsFromMenu	32	static
../Core/Src/menu.c:51:6:drawMainMenu	16	static
../Core/Src/menu.c:60:6:drawSensorConfig	16	static
../Core/Src/menu.c:71:6:drawSdConfig	16	static
../Core/Src/menu.c:122:6:drawSensorConfigAdcExt	16	static
../Core/Src/menu.c:127:6:drawSensorConfigAdcInt	16	static
../Core/Src/menu.c:132:6:drawSensorConfigDS18	16	static
../Core/Src/menu.c:173:6:drawSensorOptions	40	static
../Core/Src/menu.c:204:6:drawSensorConfigGeneric	16	static
../Core/Src/menu.c:213:6:ch1Enable	16	static
../Core/Src/menu.c:229:6:ch2Enable	16	static
../Core/Src/menu.c:244:6:ch3Enable	16	static
../Core/Src/menu.c:259:6:ch4Enable	16	static
../Core/Src/menu.c:275:6:debugAdcInt	56	static
../Core/Src/menu.c:297:6:debugAdcExt	56	static
../Core/Src/menu.c:316:6:testAllSensors	24	static
../Core/Src/menu.c:327:6:drawOnoffMeasure	24	static
../Core/Src/menu.c:457:6:displayMenu	8	static
