../Core/Src/menu.c:17:6:huart_ds_init	16	static
../Core/Src/menu.c:21:6:backButton	16	static
../Core/Src/menu.c:30:6:listAllItemsFromMenu	32	static
../Core/Src/menu.c:41:6:drawMainMenu	24	static
../Core/Src/menu.c:52:6:drawSensorConfig	16	static
../Core/Src/menu.c:58:6:drawSdConfig	16	static
../Core/Src/menu.c:65:6:drawOnoffMeasure	40	static
../Core/Src/menu.c:80:6:drawSensorConfigAdcExt	16	static
../Core/Src/menu.c:90:6:drawSensorConfigAdcInt	16	static
../Core/Src/menu.c:94:6:drawSensorConfigDS18	16	static
../Core/Src/menu.c:119:6:drawInterruptTimes	4	static
../Core/Src/menu.c:127:6:drawSensorConfigGeneric	240	static
../Core/Src/menu.c:273:6:displayMenu	8	static
