../Core/Src/menu.c:14:6:backButton	16	static
../Core/Src/menu.c:25:6:listAllItemsFromMenu	32	static
../Core/Src/menu.c:37:6:drawMainMenu	16	static
../Core/Src/menu.c:42:6:drawSensorConfig	16	static
../Core/Src/menu.c:48:6:drawSdConfig	16	static
../Core/Src/menu.c:54:6:drawOnoffMeasure	16	static
../Core/Src/menu.c:65:6:drawSensorConfigAdcExt	16	static
../Core/Src/menu.c:75:6:drawSensorConfigAdcInt	16	static
../Core/Src/menu.c:79:6:drawSensorConfigDS18	16	static
../Core/Src/menu.c:84:6:drawSensorConfigGeneric	16	static
../Core/Src/menu.c:144:6:displayMenu	8	static
